Microchip MPLAB XC8 Compiler V2.05 ()

Linker command line:

-W-3 --edf=/opt/microchip/xc8/v2.05/pic/dat/en_msgs.txt -cs \
  -h+dist/default/production/FrequencyMeter.X.production.sym \
  --cmf=dist/default/production/FrequencyMeter.X.production.cmf -z \
  -Q18F4550 -o/tmp/xcXF78D0t --defsym=__MPLAB_BUILD=1 \
  -Mdist/default/production/FrequencyMeter.X.production.map -E1 -ver=XC8 \
  --acfsm=1493 -ASTACK=075h-07FFh -pstack=STACK -ACODE=00h-07FFFh \
  -ACONST=00h-07FFFh -ASMALLCONST=0800h-08FFhx120 \
  -AMEDIUMCONST=0800h-07FFFh -ACOMRAM=01h-05Fh -AABS1=00h-07FFh \
  -ABIGRAM=01h-07FFh -ARAM=060h-0FFh,0100h-01FFhx7 -ABANK0=060h-0FFh \
  -ABANK1=0100h-01FFh -ABANK2=0200h-02FFh -ABANK3=0300h-03FFh \
  -ABANK4=0400h-04FFh -ABANK5=0500h-05FFh -ABANK6=0600h-06FFh \
  -ABANK7=0700h-07FFh -ASFR=0F60h-0FFFh \
  -preset_vec=00h,intcode=08h,intcodelo,powerup,init -pramtop=0800h \
  -psmallconst=SMALLCONST -pmediumconst=MEDIUMCONST -pconst=CONST \
  -AFARRAM=00h-00h -ACONFIG=0300000h-030000Dh -pconfig=CONFIG \
  -AIDLOC=0200000h-0200007h -pidloc=IDLOC -AEEDATA=0F00000h-0F000FFh \
  -peeprom_data=EEDATA \
  -prdata=COMRAM,nvrram=COMRAM,nvbit=COMRAM,rbss=COMRAM,rbit=COMRAM \
  -pfarbss=FARRAM,fardata=FARRAM,nvFARRAM=FARRAM \
  -pintsave_regs=BIGRAM,bigbss=BIGRAM,bigdata=BIGRAM -pbss=RAM \
  -pidata=CODE,irdata=CODE,ibigdata=CODE,ifardata=CODE -prparam=COMRAM \
  /tmp/xcXYLCxX2.o dist/default/production/FrequencyMeter.X.production.o 

Object code version is 3.11

Machine type is 18F4550

Call graph: (short form)




                Name                               Link     Load   Length Selector   Space Scale
/tmp/xcXYLCxX2.o
                init                                  E        E        4        4       0
                reset_vec                             0        0        4        0       0
                idloc                            200000   200000        8   200000       0
                config                           300000   300000        E   300000       0
dist/default/production/FrequencyMeter.X.production.o
                intcode                               8        8        6        4       0
                temp                                 3B       3B        1        1       1
                smallconst                          800      800       48      400       0
                text26                             1052     1052       2C      424       0
                text25                             10E8     10E8       20      424       0
                text24                              DF4      DF4       50      424       0
                text23                              FC2      FC2       38      424       0
                text22                              C3E      C3E       72      424       0
                text21                              D02      D02       52      424       0
                text20                              ED2      ED2       42      424       0
                text19                              AB4      AB4       A4      424       0
                text18                              F50      F50       3A      424       0
                text17                              E44      E44       4C      424       0
                intcode_body                        958      958       B8      424       0
                text15                             1026     1026       2C      424       0
                text14                             1108     1108       14      424       0
                text13                              FFA      FFA       2C      424       0
                text12                             10C8     10C8       20      424       0
                text11                             111C     111C        E      424       0
                text10                              B58      B58       74      424       0
                text9                              10A4     10A4       24      424       0
                text8                               DA4      DA4       50      424       0
                text7                               F8A      F8A       38      424       0
                text6                               BCC      BCC       72      424       0
                text5                               CB0      CB0       52      424       0
                text4                               E90      E90       42      424       0
                text3                               A10      A10       A4      424       0
                text2                               F14      F14       3C      424       0
                text1                               D54      D54       50      424       0
                text0                               848      848      110      424       0
                cstackCOMRAM                          1        1       34        1       1
                cstackBANK0                          60       60        E       60       1
                bssBANK0                             6E       6E        7       60       1
                bssCOMRAM                            35       35        6        1       1
                cinit                              107E     107E       26      424       0

TOTAL           Name                               Link     Load   Length     Space
        CLASS   STACK          

        CLASS   CODE           
                intcode                               8        8        6         0
                init                                  E        E        4         0
                reset_vec                             0        0        4         0
                text26                             1052     1052       2C         0
                text25                             10E8     10E8       20         0
                text24                              DF4      DF4       50         0
                text23                              FC2      FC2       38         0
                text22                              C3E      C3E       72         0
                text21                              D02      D02       52         0
                text20                              ED2      ED2       42         0
                text19                              AB4      AB4       A4         0
                text18                              F50      F50       3A         0
                text17                              E44      E44       4C         0
                intcode_body                        958      958       B8         0
                text15                             1026     1026       2C         0
                text14                             1108     1108       14         0
                text13                              FFA      FFA       2C         0
                text12                             10C8     10C8       20         0
                text11                             111C     111C        E         0
                text10                              B58      B58       74         0
                text9                              10A4     10A4       24         0
                text8                               DA4      DA4       50         0
                text7                               F8A      F8A       38         0
                text6                               BCC      BCC       72         0
                text5                               CB0      CB0       52         0
                text4                               E90      E90       42         0
                text3                               A10      A10       A4         0
                text2                               F14      F14       3C         0
                text1                               D54      D54       50         0
                text0                               848      848      110         0
                cinit                              107E     107E       26         0

        CLASS   CONST          

        CLASS   SMALLCONST     
                smallconst                          800      800       48         0

        CLASS   MEDIUMCONST    

        CLASS   COMRAM         
                temp                                 3B       3B        1         1
                cstackCOMRAM                          1        1       34         1
                bssCOMRAM                            35       35        6         1

        CLASS   ABS1           

        CLASS   BIGRAM         

        CLASS   RAM            

        CLASS   BANK0          
                cstackBANK0                          60       60        E         1
                bssBANK0                             6E       6E        7         1

        CLASS   BANK1          

        CLASS   BANK2          

        CLASS   BANK3          

        CLASS   BANK4          

        CLASS   BANK5          

        CLASS   BANK6          

        CLASS   BANK7          

        CLASS   SFR            

        CLASS   FARRAM         

        CLASS   CONFIG         
                config                           300000   300000        E         0

        CLASS   IDLOC          
                idloc                            200000   200000        8         0

        CLASS   EEDATA         



SEGMENTS        Name                           Load    Length   Top    Selector   Space  Class

                reset_vec                      000000  000004  000004         0       0  CODE    
                cstackCOMRAM                   000001  00003B  00003C         1       1  COMRAM  
                intcode                        000008  00000A  000012         4       0  CODE    
                cstackBANK0                    000060  000015  000075        60       1  BANK0   
                smallconst                     000800  000048  000848       400       0  SMALLCON
                text0                          000848  0008E2  00112A       424       0  CODE    
                idloc                          200000  000008  200008    200000       0  IDLOC   
                config                         300000  00000E  30000E    300000       0  CONFIG  


UNUSED ADDRESS RANGES

        Name                Unused          Largest block    Delta
        BANK0            000075-0000FF               8B
        BANK1            000100-0001FF              100
        BANK2            000200-0002FF              100
        BANK3            000300-0003FF              100
        BANK4            000400-0004FF              100
        BANK5            000500-0005FF              100
        BANK6            000600-0006FF              100
        BANK7            000700-0007FF              100
        BIGRAM           00003C-00005F               24
                         000075-0007FF              78B
        CODE             000004-000007                4
                         000012-0007FF              7EE
                         00112A-007FFF             6ED6
        COMRAM           00003C-00005F               24
        CONST            000004-000007                4
                         000012-0007FF              7EE
                         00112A-007FFF             6ED6
        EEDATA           F00000-F000FF              100
        MEDIUMCONST      00112A-007FFF             6ED6
        RAM              000075-0007FF              100
        SFR              000F60-000FFF               A0
        SMALLCONST       00112A-007FFF              100
        STACK            000075-0007FF              78B

                                  Symbol Table

?___lwdiv                    cstackCOMRAM 000025
?___lwmod                    cstackCOMRAM 000025
?i2___lwdiv                  cstackCOMRAM 000001
?i2___lwmod                  cstackCOMRAM 000001
Lcd_Cmd@a                    cstackCOMRAM 000027
Lcd_Port@a                   cstackCOMRAM 000025
Lcd_Set_Cursor@a             cstackCOMRAM 000029
Lcd_Set_Cursor@b             cstackCOMRAM 000028
Lcd_Set_Cursor@temp          cstackCOMRAM 00002C
Lcd_Set_Cursor@y             cstackCOMRAM 00002B
Lcd_Set_Cursor@z             cstackCOMRAM 00002A
Lcd_Write_Char@a             cstackCOMRAM 000028
Lcd_Write_Char@temp          cstackCOMRAM 000026
Lcd_Write_Char@y             cstackCOMRAM 000027
Lcd_Write_String@a           cstackCOMRAM 000029
Lcd_Write_String@i           cstackCOMRAM 00002D
_ADCON1bits                  (abs)        000FC1
_Counter                     bssCOMRAM    000039
_INT1E                       (abs)        007F83
_INT1IF                      (abs)        007F80
_INTCON2bits                 (abs)        000FF1
_INTCON3bits                 (abs)        000FF0
_INTCONbits                  (abs)        000FF2
_InitALL                     text15       001026
_InitInterruptRB             text14       001108
_LATA                        (abs)        000F89
_LATB                        (abs)        000F8A
_Lcd_Clear                   text11       00111C
_Lcd_Cmd                     text12       0010C8
_Lcd_Init                    text10       000B58
_Lcd_Port                    text13       000FFA
_Lcd_Set_Cursor              text8        000DA4
_Lcd_Write_Char              text7        000F8A
_Lcd_Write_String            text6        000BCC
_PORTDbits                   (abs)        000F83
_Show                        bssBANK0     000072
_T0CONbits                   (abs)        000FD5
_TMR0                        (abs)        000FD6
_TMR0IE                      (abs)        007F95
_TMR0IF                      (abs)        007F92
_TRISA                       (abs)        000F92
_TRISB                       (abs)        000F93
_TRISD                       (abs)        000F95
_Timer0_Init                 text9        0010A4
__CFG_BOR$ON                 (abs)        000000
__CFG_BORV$3                 (abs)        000000
__CFG_CCP2MX$ON              (abs)        000000
__CFG_CP0$OFF                (abs)        000000
__CFG_CP1$OFF                (abs)        000000
__CFG_CP2$OFF                (abs)        000000
__CFG_CP3$OFF                (abs)        000000
__CFG_CPB$OFF                (abs)        000000
__CFG_CPD$OFF                (abs)        000000
__CFG_CPUDIV$OSC1_PLL2       (abs)        000000
__CFG_EBTR0$OFF              (abs)        000000
__CFG_EBTR1$OFF              (abs)        000000
__CFG_EBTR2$OFF              (abs)        000000
__CFG_EBTR3$OFF              (abs)        000000
__CFG_EBTRB$OFF              (abs)        000000
__CFG_FCMEN$OFF              (abs)        000000
__CFG_FOSC$HS                (abs)        000000
__CFG_ICPRT$OFF              (abs)        000000
__CFG_IESO$OFF               (abs)        000000
__CFG_LPT1OSC$OFF            (abs)        000000
__CFG_LVP$OFF                (abs)        000000
__CFG_MCLRE$ON               (abs)        000000
__CFG_PBADEN$ON              (abs)        000000
__CFG_PLLDIV$1               (abs)        000000
__CFG_PWRT$OFF               (abs)        000000
__CFG_STVREN$ON              (abs)        000000
__CFG_USBDIV$1               (abs)        000000
__CFG_VREGEN$OFF             (abs)        000000
__CFG_WDT$ON                 (abs)        000000
__CFG_WDTPS$32768            (abs)        000000
__CFG_WRT0$OFF               (abs)        000000
__CFG_WRT1$OFF               (abs)        000000
__CFG_WRT2$OFF               (abs)        000000
__CFG_WRT3$OFF               (abs)        000000
__CFG_WRTB$OFF               (abs)        000000
__CFG_WRTC$OFF               (abs)        000000
__CFG_WRTD$OFF               (abs)        000000
__CFG_XINST$OFF              (abs)        000000
__HRAM                       (abs)        000000
__Habs1                      abs1         000000
__Hbank0                     bank0        000000
__Hbank1                     bank1        000000
__Hbank2                     bank2        000000
__Hbank3                     bank3        000000
__Hbank4                     bank4        000000
__Hbank5                     bank5        000000
__Hbank6                     bank6        000000
__Hbank7                     bank7        000000
__Hbigbss                    bigbss       000000
__Hbigdata                   bigdata      000000
__Hbigram                    bigram       000000
__Hbss                       bss          000000
__HbssBANK0                  bssBANK0     000000
__HbssCOMRAM                 bssCOMRAM    000000
__Hcinit                     cinit        000000
__Hclrtext                   clrtext      000000
__Hcomram                    comram       000000
__Hconfig                    config       30000E
__Hconst                     const        000000
__HcstackBANK0               cstackBANK0  000000
__HcstackCOMRAM              cstackCOMRAM 000000
__Hdata                      data         000000
__Heeprom_data               eeprom_data  000000
__Hfarbss                    farbss       000000
__Hfardata                   fardata      000000
__Hibigdata                  ibigdata     000000
__Hidata                     idata        000000
__Hidloc                     idloc        200008
__Hifardata                  ifardata     000000
__Hinit                      init         000012
__Hintcode                   intcode      00000E
__Hintcode_body              intcode_body 000000
__Hintcodelo                 intcodelo    00000E
__Hintentry                  intentry     000000
__Hintret                    intret       000000
__Hintsave_regs              intsave_regs 000000
__Hirdata                    irdata       000000
__Hmediumconst               mediumconst  000000
__HnvFARRAM                  nvFARRAM     000000
__Hnvbit                     nvbit        000000
__Hnvrram                    nvrram       000000
__Hparam                     rparam       000000
__Hpowerup                   powerup      00000E
__Hram                       ram          000000
__Hramtop                    ramtop       000800
__Hrbit                      rbit         000000
__Hrbss                      rbss         000000
__Hrdata                     rdata        000000
__Hreset_vec                 reset_vec    000004
__Hrparam                    rparam       000000
__Hsfr                       sfr          000000
__Hsmallconst                smallconst   000848
__Hspace_0                   (abs)        30000E
__Hspace_1                   (abs)        000075
__Hspace_2                   (abs)        000000
__Hstack                     stack        000000
__Hstruct                    struct       000000
__Htemp                      temp         00003C
__Htext                      text         000000
__Htext0                     text0        000000
__Htext1                     text1        000000
__Htext10                    text10       000000
__Htext11                    text11       000000
__Htext12                    text12       000000
__Htext13                    text13       000000
__Htext14                    text14       000000
__Htext15                    text15       000000
__Htext17                    text17       000000
__Htext18                    text18       000000
__Htext19                    text19       000000
__Htext2                     text2        000000
__Htext20                    text20       000000
__Htext21                    text21       000000
__Htext22                    text22       000000
__Htext23                    text23       000000
__Htext24                    text24       000000
__Htext25                    text25       000000
__Htext26                    text26       000000
__Htext3                     text3        000000
__Htext4                     text4        000000
__Htext5                     text5        000000
__Htext6                     text6        000000
__Htext7                     text7        000000
__Htext8                     text8        000000
__Htext9                     text9        000000
__LRAM                       (abs)        000001
__Labs1                      abs1         000000
__Lbank0                     bank0        000000
__Lbank1                     bank1        000000
__Lbank2                     bank2        000000
__Lbank3                     bank3        000000
__Lbank4                     bank4        000000
__Lbank5                     bank5        000000
__Lbank6                     bank6        000000
__Lbank7                     bank7        000000
__Lbigbss                    bigbss       000000
__Lbigdata                   bigdata      000000
__Lbigram                    bigram       000000
__Lbss                       bss          000000
__LbssBANK0                  bssBANK0     000000
__LbssCOMRAM                 bssCOMRAM    000000
__Lcinit                     cinit        000000
__Lclrtext                   clrtext      000000
__Lcomram                    comram       000000
__Lconfig                    config       300000
__Lconst                     const        000000
__LcstackBANK0               cstackBANK0  000000
__LcstackCOMRAM              cstackCOMRAM 000000
__Ldata                      data         000000
__Leeprom_data               eeprom_data  000000
__Lfarbss                    farbss       000000
__Lfardata                   fardata      000000
__Libigdata                  ibigdata     000000
__Lidata                     idata        000000
__Lidloc                     idloc        200000
__Lifardata                  ifardata     000000
__Linit                      init         00000E
__Lintcode                   intcode      000008
__Lintcode_body              intcode_body 000000
__Lintcodelo                 intcodelo    00000E
__Lintentry                  intentry     000000
__Lintret                    intret       000000
__Lintsave_regs              intsave_regs 000000
__Lirdata                    irdata       000000
__Lmediumconst               mediumconst  000000
__LnvFARRAM                  nvFARRAM     000000
__Lnvbit                     nvbit        000000
__Lnvrram                    nvrram       000000
__Lparam                     rparam       000000
__Lpowerup                   powerup      00000E
__Lram                       ram          000000
__Lramtop                    ramtop       000800
__Lrbit                      rbit         000000
__Lrbss                      rbss         000000
__Lrdata                     rdata        000000
__Lreset_vec                 reset_vec    000000
__Lrparam                    rparam       000000
__Lsfr                       sfr          000000
__Lsmallconst                smallconst   000800
__Lspace_0                   (abs)        000000
__Lspace_1                   (abs)        000000
__Lspace_2                   (abs)        000000
__Lstack                     stack        000000
__Lstruct                    struct       000000
__Ltemp                      temp         00003B
__Ltext                      text         000000
__Ltext0                     text0        000000
__Ltext1                     text1        000000
__Ltext10                    text10       000000
__Ltext11                    text11       000000
__Ltext12                    text12       000000
__Ltext13                    text13       000000
__Ltext14                    text14       000000
__Ltext15                    text15       000000
__Ltext17                    text17       000000
__Ltext18                    text18       000000
__Ltext19                    text19       000000
__Ltext2                     text2        000000
__Ltext20                    text20       000000
__Ltext21                    text21       000000
__Ltext22                    text22       000000
__Ltext23                    text23       000000
__Ltext24                    text24       000000
__Ltext25                    text25       000000
__Ltext26                    text26       000000
__Ltext3                     text3        000000
__Ltext4                     text4        000000
__Ltext5                     text5        000000
__Ltext6                     text6        000000
__Ltext7                     text7        000000
__Ltext8                     text8        000000
__Ltext9                     text9        000000
__S0                         (abs)        30000E
__S1                         (abs)        000075
__S2                         (abs)        000000
___inthi_sp                  stack        000000
___intlo_sp                  stack        000000
___lwdiv                     text5        000CB0
___lwdiv@counter             cstackCOMRAM 00002B
___lwdiv@dividend            cstackCOMRAM 000025
___lwdiv@divisor             cstackCOMRAM 000027
___lwdiv@quotient            cstackCOMRAM 000029
___lwmod                     text4        000E90
___lwmod@counter             cstackCOMRAM 000029
___lwmod@dividend            cstackCOMRAM 000025
___lwmod@divisor             cstackCOMRAM 000027
___param_bank                (abs)        000000
___rparam_used               (abs)        000001
___sp                        stack        000000
__accesstop                  (abs)        000060
__activetblptr               (abs)        000002
__end_of_InitALL             text15       001052
__end_of_InitInterruptRB     text14       00111C
__end_of_Lcd_Clear           text11       00112A
__end_of_Lcd_Cmd             text12       0010E8
__end_of_Lcd_Init            text10       000BCC
__end_of_Lcd_Port            text13       001026
__end_of_Lcd_Set_Cursor      text8        000DF4
__end_of_Lcd_Write_Char      text7        000FC2
__end_of_Lcd_Write_String    text6        000C3E
__end_of_Timer0_Init         text9        0010C8
__end_of___lwdiv             text5        000D02
__end_of___lwmod             text4        000ED2
__end_of__initialization     cinit        001096
__end_of_interruptRB         intcode_body 000A10
__end_of_itoa                text2        000F50
__end_of_main                text0        000958
__end_of_transform           text1        000DA4
__end_of_utoa                text3        000AB4
__end_ofi2_Lcd_Cmd           text25       001108
__end_ofi2_Lcd_Port          text26       00107E
__end_ofi2_Lcd_Set_Cursor    text24       000E44
__end_ofi2_Lcd_Write_Char    text23       000FFA
__end_ofi2_Lcd_Write_String  text22       000CB0
__end_ofi2___lwdiv           text21       000D54
__end_ofi2___lwmod           text20       000F14
__end_ofi2_itoa              text18       000F8A
__end_ofi2_transform         text17       000E90
__end_ofi2_utoa              text19       000B58
__initialization             cinit        00107E
__mediumconst                mediumconst  000000
__pbssBANK0                  bssBANK0     00006E
__pbssCOMRAM                 bssCOMRAM    000035
__pcinit                     cinit        00107E
__pcstackBANK0               cstackBANK0  000060
__pcstackCOMRAM              cstackCOMRAM 000001
__pintcode                   intcode      000008
__pintcode_body              intcode_body 000958
__psmallconst                smallconst   000800
__ptext0                     text0        000848
__ptext1                     text1        000D54
__ptext10                    text10       000B58
__ptext11                    text11       00111C
__ptext12                    text12       0010C8
__ptext13                    text13       000FFA
__ptext14                    text14       001108
__ptext15                    text15       001026
__ptext17                    text17       000E44
__ptext18                    text18       000F50
__ptext19                    text19       000AB4
__ptext2                     text2        000F14
__ptext20                    text20       000ED2
__ptext21                    text21       000D02
__ptext22                    text22       000C3E
__ptext23                    text23       000FC2
__ptext24                    text24       000DF4
__ptext25                    text25       0010E8
__ptext26                    text26       001052
__ptext3                     text3        000A10
__ptext4                     text4        000E90
__ptext5                     text5        000CB0
__ptext6                     text6        000BCC
__ptext7                     text7        000F8A
__ptext8                     text8        000DA4
__ptext9                     text9        0010A4
__ramtop                     ramtop       000800
__size_of_InitALL            (abs)        000000
__size_of_InitInterruptRB    (abs)        000000
__size_of_Lcd_Clear          (abs)        000000
__size_of_Lcd_Cmd            (abs)        000000
__size_of_Lcd_Init           (abs)        000000
__size_of_Lcd_Port           (abs)        000000
__size_of_Lcd_Set_Cursor     (abs)        000000
__size_of_Lcd_Write_Char     (abs)        000000
__size_of_Lcd_Write_String   (abs)        000000
__size_of_Timer0_Init        (abs)        000000
__size_of___lwdiv            (abs)        000000
__size_of___lwmod            (abs)        000000
__size_of_interruptRB        (abs)        000000
__size_of_itoa               (abs)        000000
__size_of_main               (abs)        000000
__size_of_transform          (abs)        000000
__size_of_utoa               (abs)        000000
__size_ofi2_Lcd_Cmd          (abs)        000000
__size_ofi2_Lcd_Port         (abs)        000000
__size_ofi2_Lcd_Set_Cursor   (abs)        000000
__size_ofi2_Lcd_Write_Char   (abs)        000000
__size_ofi2_Lcd_Write_String (abs)        000000
__size_ofi2___lwdiv          (abs)        000000
__size_ofi2___lwmod          (abs)        000000
__size_ofi2_itoa             (abs)        000000
__size_ofi2_transform        (abs)        000000
__size_ofi2_utoa             (abs)        000000
__smallconst                 smallconst   000800
_b                           bssCOMRAM    000037
_delay                       bssCOMRAM    000035
_flagEntry                   bssBANK0     00006E
_i                           bssBANK0     000070
_interruptRB                 intcode      000008
_itoa                        text2        000F14
_main                        text0        000848
_transform                   text1        000D54
_utoa                        text3        000A10
btemp                        temp         00003B
end_of_initialization        cinit        001096
i2Lcd_Cmd@a                  cstackCOMRAM 000003
i2Lcd_Port@a                 cstackCOMRAM 000001
i2Lcd_Set_Cursor@a           cstackCOMRAM 000005
i2Lcd_Set_Cursor@b           cstackCOMRAM 000004
i2Lcd_Set_Cursor@temp        cstackCOMRAM 000008
i2Lcd_Set_Cursor@y           cstackCOMRAM 000007
i2Lcd_Set_Cursor@z           cstackCOMRAM 000006
i2Lcd_Write_Char@a           cstackCOMRAM 000004
i2Lcd_Write_Char@temp        cstackCOMRAM 000002
i2Lcd_Write_Char@y           cstackCOMRAM 000003
i2Lcd_Write_String@a         cstackCOMRAM 000005
i2Lcd_Write_String@i         cstackCOMRAM 000009
i2_Lcd_Cmd                   text25       0010E8
i2_Lcd_Port                  text26       001052
i2_Lcd_Set_Cursor            text24       000DF4
i2_Lcd_Write_Char            text23       000FC2
i2_Lcd_Write_String          text22       000C3E
i2___lwdiv                   text21       000D02
i2___lwdiv@counter           cstackCOMRAM 000007
i2___lwdiv@dividend          cstackCOMRAM 000001
i2___lwdiv@divisor           cstackCOMRAM 000003
i2___lwdiv@quotient          cstackCOMRAM 000005
i2___lwmod                   text20       000ED2
i2___lwmod@counter           cstackCOMRAM 000005
i2___lwmod@dividend          cstackCOMRAM 000001
i2___lwmod@divisor           cstackCOMRAM 000003
i2_itoa                      text18       000F50
i2_transform                 text17       000E44
i2_utoa                      text19       000AB4
i2itoa@base                  cstackCOMRAM 000015
i2itoa@buf                   cstackCOMRAM 000011
i2itoa@val                   cstackCOMRAM 000013
i2transform@value            cstackCOMRAM 000019
i2utoa@base                  cstackCOMRAM 00000C
i2utoa@buf                   cstackCOMRAM 000008
i2utoa@c                     cstackCOMRAM 000010
i2utoa@v                     cstackCOMRAM 00000E
i2utoa@val                   cstackCOMRAM 00000A
int$flags                    temp         00003B
int_func                     intcode_body 000958
intlevel0                    text         000000
intlevel1                    text         000000
intlevel2                    text         000000
intlevel3                    text         000000
itoa@base                    cstackBANK0  000064
itoa@buf                     cstackBANK0  000060
itoa@val                     cstackBANK0  000062
stackhi                      (abs)        0007FF
stacklo                      (abs)        000075
start                        init         00000E
start_initialization         cinit        00107E
transform@value              cstackBANK0  000068
ttemp5                       temp         00003C
ttemp6                       temp         00003F
ttemp7                       temp         000043
utoa@base                    cstackCOMRAM 000030
utoa@buf                     cstackCOMRAM 00002C
utoa@c                       cstackCOMRAM 000034
utoa@v                       cstackCOMRAM 000032
utoa@val                     cstackCOMRAM 00002E
wtemp8                       temp         00003C


FUNCTION INFORMATION:

 *************** function _main *****************
 Defined at:
		line 42 in file "main.c"
 Parameters:    Size  Location     Type
		None
 Auto vars:     Size  Location     Type
		None
 Return value:  Size  Location     Type
                  1    wreg      void 
 Registers used:
		wreg, fsr2l, fsr2h, status,2, status,0, tblptrl, tblptrh, tblptru, cstack
 Tracked objects:
		On entry : 
		On exit  : 
		Unchanged: 
 Data sizes:     COMRAM   BANK0   BANK1   BANK2   BANK3   BANK4   BANK5   BANK6   BANK7
      Params:         0       0       0       0       0       0       0       0       0
      Locals:         0       0       0       0       0       0       0       0       0
      Temps:          0       2       0       0       0       0       0       0       0
      Totals:         0       2       0       0       0       0       0       0       0
Total ram usage:        2 bytes
 Hardware stack levels required when called:    9
 This function calls:
		_InitALL
		_InitInterruptRB
		_Lcd_Clear
		_Lcd_Init
		_Lcd_Set_Cursor
		_Lcd_Write_String
		_Timer0_Init
		_transform
 This function is called by:
		Startup code after reset
 This function uses a non-reentrant model


 *************** function _transform *****************
 Defined at:
		line 33 in file "main.c"
 Parameters:    Size  Location     Type
  value           2    8[BANK0 ] int 
 Auto vars:     Size  Location     Type
		None
 Return value:  Size  Location     Type
                  1    wreg      void 
 Registers used:
		wreg, fsr2l, fsr2h, status,2, status,0, tblptrl, tblptrh, tblptru, cstack
 Tracked objects:
		On entry : 
		On exit  : 
		Unchanged: 
 Data sizes:     COMRAM   BANK0   BANK1   BANK2   BANK3   BANK4   BANK5   BANK6   BANK7
      Params:         0       2       0       0       0       0       0       0       0
      Locals:         0       0       0       0       0       0       0       0       0
      Temps:          0       2       0       0       0       0       0       0       0
      Totals:         0       4       0       0       0       0       0       0       0
Total ram usage:        4 bytes
 Hardware stack levels used:    1
 Hardware stack levels required when called:    8
 This function calls:
		_Lcd_Set_Cursor
		_Lcd_Write_String
		_itoa
 This function is called by:
		_main
 This function uses a non-reentrant model


 *************** function _itoa *****************
 Defined at:
		line 4 in file "/opt/microchip/xc8/v2.05/pic/sources/c90/common/itoa.c"
 Parameters:    Size  Location     Type
  buf             2    0[BANK0 ] PTR unsigned char 
		 -> Show(3), 
  val             2    2[BANK0 ] int 
  base            2    4[BANK0 ] int 
 Auto vars:     Size  Location     Type
  cp              2    0        PTR unsigned char 
		 -> Show(3), 
 Return value:  Size  Location     Type
                  2    0[BANK0 ] PTR unsigned char 
 Registers used:
		wreg, fsr2l, fsr2h, status,2, status,0, cstack
 Tracked objects:
		On entry : 
		On exit  : 
		Unchanged: 
 Data sizes:     COMRAM   BANK0   BANK1   BANK2   BANK3   BANK4   BANK5   BANK6   BANK7
      Params:         0       6       0       0       0       0       0       0       0
      Locals:         0       2       0       0       0       0       0       0       0
      Temps:          0       0       0       0       0       0       0       0       0
      Totals:         0       8       0       0       0       0       0       0       0
Total ram usage:        8 bytes
 Hardware stack levels used:    1
 Hardware stack levels required when called:    7
 This function calls:
		_utoa
 This function is called by:
		_transform
 This function uses a non-reentrant model


 *************** function _utoa *****************
 Defined at:
		line 17 in file "/opt/microchip/xc8/v2.05/pic/sources/c90/common/itoa.c"
 Parameters:    Size  Location     Type
  buf             2   43[COMRAM] PTR unsigned char 
		 -> Show(3), 
  val             2   45[COMRAM] unsigned int 
  base            2   47[COMRAM] int 
 Auto vars:     Size  Location     Type
  v               2   49[COMRAM] unsigned int 
  c               1   51[COMRAM] unsigned char 
 Return value:  Size  Location     Type
                  2   43[COMRAM] PTR unsigned char 
 Registers used:
		wreg, fsr2l, fsr2h, status,2, status,0, cstack
 Tracked objects:
		On entry : 
		On exit  : 
		Unchanged: 
 Data sizes:     COMRAM   BANK0   BANK1   BANK2   BANK3   BANK4   BANK5   BANK6   BANK7
      Params:         6       0       0       0       0       0       0       0       0
      Locals:         3       0       0       0       0       0       0       0       0
      Temps:          0       0       0       0       0       0       0       0       0
      Totals:         9       0       0       0       0       0       0       0       0
Total ram usage:        9 bytes
 Hardware stack levels used:    1
 Hardware stack levels required when called:    6
 This function calls:
		___lwdiv
		___lwmod
 This function is called by:
		_itoa
 This function uses a non-reentrant model


 *************** function ___lwmod *****************
 Defined at:
		line 7 in file "/opt/microchip/xc8/v2.05/pic/sources/c90/common/lwmod.c"
 Parameters:    Size  Location     Type
  dividend        2   36[COMRAM] unsigned int 
  divisor         2   38[COMRAM] unsigned int 
 Auto vars:     Size  Location     Type
  counter         1   40[COMRAM] unsigned char 
 Return value:  Size  Location     Type
                  2   36[COMRAM] unsigned int 
 Registers used:
		wreg, status,2, status,0
 Tracked objects:
		On entry : 
		On exit  : 
		Unchanged: 
 Data sizes:     COMRAM   BANK0   BANK1   BANK2   BANK3   BANK4   BANK5   BANK6   BANK7
      Params:         4       0       0       0       0       0       0       0       0
      Locals:         1       0       0       0       0       0       0       0       0
      Temps:          0       0       0       0       0       0       0       0       0
      Totals:         5       0       0       0       0       0       0       0       0
Total ram usage:        5 bytes
 Hardware stack levels used:    1
 Hardware stack levels required when called:    5
 This function calls:
		Nothing
 This function is called by:
		_utoa
 This function uses a non-reentrant model


 *************** function ___lwdiv *****************
 Defined at:
		line 7 in file "/opt/microchip/xc8/v2.05/pic/sources/c90/common/lwdiv.c"
 Parameters:    Size  Location     Type
  dividend        2   36[COMRAM] unsigned int 
  divisor         2   38[COMRAM] unsigned int 
 Auto vars:     Size  Location     Type
  quotient        2   40[COMRAM] unsigned int 
  counter         1   42[COMRAM] unsigned char 
 Return value:  Size  Location     Type
                  2   36[COMRAM] unsigned int 
 Registers used:
		wreg, status,2, status,0
 Tracked objects:
		On entry : 
		On exit  : 
		Unchanged: 
 Data sizes:     COMRAM   BANK0   BANK1   BANK2   BANK3   BANK4   BANK5   BANK6   BANK7
      Params:         4       0       0       0       0       0       0       0       0
      Locals:         3       0       0       0       0       0       0       0       0
      Temps:          0       0       0       0       0       0       0       0       0
      Totals:         7       0       0       0       0       0       0       0       0
Total ram usage:        7 bytes
 Hardware stack levels used:    1
 Hardware stack levels required when called:    5
 This function calls:
		Nothing
 This function is called by:
		_utoa
 This function uses a non-reentrant model


 *************** function _Lcd_Write_String *****************
 Defined at:
		line 97 in file "lcd.h"
 Parameters:    Size  Location     Type
  a               2   40[COMRAM] PTR unsigned char 
		 -> STR_5(16), STR_4(9), STR_3(16), STR_2(15), 
		 -> STR_1(13), Show(3), 
 Auto vars:     Size  Location     Type
  i               2   44[COMRAM] int 
 Return value:  Size  Location     Type
                  1    wreg      void 
 Registers used:
		wreg, fsr2l, fsr2h, status,2, status,0, tblptrl, tblptrh, tblptru, cstack
 Tracked objects:
		On entry : 
		On exit  : 
		Unchanged: 
 Data sizes:     COMRAM   BANK0   BANK1   BANK2   BANK3   BANK4   BANK5   BANK6   BANK7
      Params:         2       0       0       0       0       0       0       0       0
      Locals:         2       0       0       0       0       0       0       0       0
      Temps:          2       0       0       0       0       0       0       0       0
      Totals:         6       0       0       0       0       0       0       0       0
Total ram usage:        6 bytes
 Hardware stack levels used:    1
 Hardware stack levels required when called:    7
 This function calls:
		_Lcd_Write_Char
 This function is called by:
		_transform
		_main
 This function uses a non-reentrant model


 *************** function _Lcd_Write_Char *****************
 Defined at:
		line 81 in file "lcd.h"
 Parameters:    Size  Location     Type
  a               1    wreg     unsigned char 
 Auto vars:     Size  Location     Type
  a               1   39[COMRAM] unsigned char 
  y               1   38[COMRAM] unsigned char 
  temp            1   37[COMRAM] unsigned char 
 Return value:  Size  Location     Type
                  1    wreg      void 
 Registers used:
		wreg, status,2, status,0, cstack
 Tracked objects:
		On entry : 
		On exit  : 
		Unchanged: 
 Data sizes:     COMRAM   BANK0   BANK1   BANK2   BANK3   BANK4   BANK5   BANK6   BANK7
      Params:         0       0       0       0       0       0       0       0       0
      Locals:         3       0       0       0       0       0       0       0       0
      Temps:          0       0       0       0       0       0       0       0       0
      Totals:         3       0       0       0       0       0       0       0       0
Total ram usage:        3 bytes
 Hardware stack levels used:    1
 Hardware stack levels required when called:    6
 This function calls:
		_Lcd_Port
 This function is called by:
		_Lcd_Write_String
 This function uses a non-reentrant model


 *************** function _Lcd_Set_Cursor *****************
 Defined at:
		line 41 in file "lcd.h"
 Parameters:    Size  Location     Type
  a               1    wreg     unsigned char 
  b               1   39[COMRAM] unsigned char 
 Auto vars:     Size  Location     Type
  a               1   40[COMRAM] unsigned char 
  temp            1   43[COMRAM] unsigned char 
  y               1   42[COMRAM] unsigned char 
  z               1   41[COMRAM] unsigned char 
 Return value:  Size  Location     Type
                  1    wreg      void 
 Registers used:
		wreg, status,2, status,0, cstack
 Tracked objects:
		On entry : 
		On exit  : 
		Unchanged: 
 Data sizes:     COMRAM   BANK0   BANK1   BANK2   BANK3   BANK4   BANK5   BANK6   BANK7
      Params:         1       0       0       0       0       0       0       0       0
      Locals:         4       0       0       0       0       0       0       0       0
      Temps:          0       0       0       0       0       0       0       0       0
      Totals:         5       0       0       0       0       0       0       0       0
Total ram usage:        5 bytes
 Hardware stack levels used:    1
 Hardware stack levels required when called:    7
 This function calls:
		_Lcd_Cmd
 This function is called by:
		_transform
		_main
 This function uses a non-reentrant model


 *************** function _Timer0_Init *****************
 Defined at:
		line 11 in file "timer0.c"
 Parameters:    Size  Location     Type
		None
 Auto vars:     Size  Location     Type
		None
 Return value:  Size  Location     Type
                  1    wreg      void 
 Registers used:
		wreg, status,2
 Tracked objects:
		On entry : 
		On exit  : 
		Unchanged: 
 Data sizes:     COMRAM   BANK0   BANK1   BANK2   BANK3   BANK4   BANK5   BANK6   BANK7
      Params:         0       0       0       0       0       0       0       0       0
      Locals:         0       0       0       0       0       0       0       0       0
      Temps:          0       0       0       0       0       0       0       0       0
      Totals:         0       0       0       0       0       0       0       0       0
Total ram usage:        0 bytes
 Hardware stack levels used:    1
 Hardware stack levels required when called:    5
 This function calls:
		Nothing
 This function is called by:
		_main
 This function uses a non-reentrant model


 *************** function _Lcd_Init *****************
 Defined at:
		line 62 in file "lcd.h"
 Parameters:    Size  Location     Type
		None
 Auto vars:     Size  Location     Type
		None
 Return value:  Size  Location     Type
                  1    wreg      void 
 Registers used:
		wreg, status,2, cstack
 Tracked objects:
		On entry : 
		On exit  : 
		Unchanged: 
 Data sizes:     COMRAM   BANK0   BANK1   BANK2   BANK3   BANK4   BANK5   BANK6   BANK7
      Params:         0       0       0       0       0       0       0       0       0
      Locals:         0       0       0       0       0       0       0       0       0
      Temps:          1       0       0       0       0       0       0       0       0
      Totals:         1       0       0       0       0       0       0       0       0
Total ram usage:        1 bytes
 Hardware stack levels used:    1
 Hardware stack levels required when called:    7
 This function calls:
		_Lcd_Cmd
		_Lcd_Port
 This function is called by:
		_main
 This function uses a non-reentrant model


 *************** function _Lcd_Clear *****************
 Defined at:
		line 35 in file "lcd.h"
 Parameters:    Size  Location     Type
		None
 Auto vars:     Size  Location     Type
		None
 Return value:  Size  Location     Type
                  1    wreg      void 
 Registers used:
		wreg, status,2, cstack
 Tracked objects:
		On entry : 
		On exit  : 
		Unchanged: 
 Data sizes:     COMRAM   BANK0   BANK1   BANK2   BANK3   BANK4   BANK5   BANK6   BANK7
      Params:         0       0       0       0       0       0       0       0       0
      Locals:         0       0       0       0       0       0       0       0       0
      Temps:          0       0       0       0       0       0       0       0       0
      Totals:         0       0       0       0       0       0       0       0       0
Total ram usage:        0 bytes
 Hardware stack levels used:    1
 Hardware stack levels required when called:    7
 This function calls:
		_Lcd_Cmd
 This function is called by:
		_main
 This function uses a non-reentrant model


 *************** function _Lcd_Cmd *****************
 Defined at:
		line 26 in file "lcd.h"
 Parameters:    Size  Location     Type
  a               1    wreg     unsigned char 
 Auto vars:     Size  Location     Type
  a               1   38[COMRAM] unsigned char 
 Return value:  Size  Location     Type
                  1    wreg      void 
 Registers used:
		wreg, status,2, cstack
 Tracked objects:
		On entry : 
		On exit  : 
		Unchanged: 
 Data sizes:     COMRAM   BANK0   BANK1   BANK2   BANK3   BANK4   BANK5   BANK6   BANK7
      Params:         0       0       0       0       0       0       0       0       0
      Locals:         1       0       0       0       0       0       0       0       0
      Temps:          1       0       0       0       0       0       0       0       0
      Totals:         2       0       0       0       0       0       0       0       0
Total ram usage:        2 bytes
 Hardware stack levels used:    1
 Hardware stack levels required when called:    6
 This function calls:
		_Lcd_Port
 This function is called by:
		_Lcd_Clear
		_Lcd_Set_Cursor
		_Lcd_Init
		_Lcd_Shift_Right
		_Lcd_Shift_Left
 This function uses a non-reentrant model


 *************** function _Lcd_Port *****************
 Defined at:
		line 4 in file "lcd.h"
 Parameters:    Size  Location     Type
  a               1    wreg     unsigned char 
 Auto vars:     Size  Location     Type
  a               1   36[COMRAM] unsigned char 
 Return value:  Size  Location     Type
                  1    wreg      void 
 Registers used:
		wreg
 Tracked objects:
		On entry : 
		On exit  : 
		Unchanged: 
 Data sizes:     COMRAM   BANK0   BANK1   BANK2   BANK3   BANK4   BANK5   BANK6   BANK7
      Params:         0       0       0       0       0       0       0       0       0
      Locals:         1       0       0       0       0       0       0       0       0
      Temps:          0       0       0       0       0       0       0       0       0
      Totals:         1       0       0       0       0       0       0       0       0
Total ram usage:        1 bytes
 Hardware stack levels used:    1
 Hardware stack levels required when called:    5
 This function calls:
		Nothing
 This function is called by:
		_Lcd_Cmd
		_Lcd_Init
		_Lcd_Write_Char
 This function uses a non-reentrant model


 *************** function _InitInterruptRB *****************
 Defined at:
		line 16 in file "B_interrupt.c"
 Parameters:    Size  Location     Type
		None
 Auto vars:     Size  Location     Type
		None
 Return value:  Size  Location     Type
                  1    wreg      void 
 Registers used:
		wreg, status,2
 Tracked objects:
		On entry : 
		On exit  : 
		Unchanged: 
 Data sizes:     COMRAM   BANK0   BANK1   BANK2   BANK3   BANK4   BANK5   BANK6   BANK7
      Params:         0       0       0       0       0       0       0       0       0
      Locals:         0       0       0       0       0       0       0       0       0
      Temps:          0       0       0       0       0       0       0       0       0
      Totals:         0       0       0       0       0       0       0       0       0
Total ram usage:        0 bytes
 Hardware stack levels used:    1
 Hardware stack levels required when called:    5
 This function calls:
		Nothing
 This function is called by:
		_main
 This function uses a non-reentrant model


 *************** function _InitALL *****************
 Defined at:
		line 24 in file "main.c"
 Parameters:    Size  Location     Type
		None
 Auto vars:     Size  Location     Type
		None
 Return value:  Size  Location     Type
                  1    wreg      void 
 Registers used:
		wreg, status,2
 Tracked objects:
		On entry : 
		On exit  : 
		Unchanged: 
 Data sizes:     COMRAM   BANK0   BANK1   BANK2   BANK3   BANK4   BANK5   BANK6   BANK7
      Params:         0       0       0       0       0       0       0       0       0
      Locals:         0       0       0       0       0       0       0       0       0
      Temps:          0       0       0       0       0       0       0       0       0
      Totals:         0       0       0       0       0       0       0       0       0
Total ram usage:        0 bytes
 Hardware stack levels used:    1
 Hardware stack levels required when called:    5
 This function calls:
		Nothing
 This function is called by:
		_main
 This function uses a non-reentrant model


 *************** function _interruptRB *****************
 Defined at:
		line 97 in file "main.c"
 Parameters:    Size  Location     Type
		None
 Auto vars:     Size  Location     Type
		None
 Return value:  Size  Location     Type
                  1    wreg      void 
 Registers used:
		wreg, fsr2l, fsr2h, status,2, status,0, tblptrl, tblptrh, tblptru, cstack
 Tracked objects:
		On entry : 
		On exit  : 
		Unchanged: 
 Data sizes:     COMRAM   BANK0   BANK1   BANK2   BANK3   BANK4   BANK5   BANK6   BANK7
      Params:         0       0       0       0       0       0       0       0       0
      Locals:         0       0       0       0       0       0       0       0       0
      Temps:          8       0       0       0       0       0       0       0       0
      Totals:         8       0       0       0       0       0       0       0       0
Total ram usage:        8 bytes
 Hardware stack levels used:    1
 Hardware stack levels required when called:    4
 This function calls:
		i2_Lcd_Set_Cursor
		i2_Lcd_Write_String
		i2_transform
 This function is called by:
		Interrupt level 2
 This function uses a non-reentrant model


 *************** function i2_transform *****************
 Defined at:
		line 33 in file "main.c"
 Parameters:    Size  Location     Type
  value           2   24[COMRAM] int 
 Auto vars:     Size  Location     Type
		None
 Return value:  Size  Location     Type
                  1    wreg      void 
 Registers used:
		wreg, fsr2l, fsr2h, status,2, status,0, tblptrl, tblptrh, tblptru, cstack
 Tracked objects:
		On entry : 
		On exit  : 
		Unchanged: 
 Data sizes:     COMRAM   BANK0   BANK1   BANK2   BANK3   BANK4   BANK5   BANK6   BANK7
      Params:         2       0       0       0       0       0       0       0       0
      Locals:         0       0       0       0       0       0       0       0       0
      Temps:          2       0       0       0       0       0       0       0       0
      Totals:         4       0       0       0       0       0       0       0       0
Total ram usage:        4 bytes
 Hardware stack levels used:    1
 Hardware stack levels required when called:    3
 This function calls:
		i2_Lcd_Set_Cursor
		i2_Lcd_Write_String
		i2_itoa
 This function is called by:
		_interruptRB
 This function uses a non-reentrant model


 *************** function i2_itoa *****************
 Defined at:
		line 4 in file "/opt/microchip/xc8/v2.05/pic/sources/c90/common/itoa.c"
 Parameters:    Size  Location     Type
  buf             2   16[COMRAM] PTR unsigned char 
		 -> Show(3), 
  val             2   18[COMRAM] int 
  base            2   20[COMRAM] int 
 Auto vars:     Size  Location     Type
  itoa            2    0        PTR unsigned char 
		 -> Show(3), 
 Return value:  Size  Location     Type
                  2   16[COMRAM] PTR unsigned char 
 Registers used:
		wreg, fsr2l, fsr2h, status,2, status,0, cstack
 Tracked objects:
		On entry : 
		On exit  : 
		Unchanged: 
 Data sizes:     COMRAM   BANK0   BANK1   BANK2   BANK3   BANK4   BANK5   BANK6   BANK7
      Params:         6       0       0       0       0       0       0       0       0
      Locals:         2       0       0       0       0       0       0       0       0
      Temps:          0       0       0       0       0       0       0       0       0
      Totals:         8       0       0       0       0       0       0       0       0
Total ram usage:        8 bytes
 Hardware stack levels used:    1
 Hardware stack levels required when called:    2
 This function calls:
		i2_utoa
 This function is called by:
		i2_transform
 This function uses a non-reentrant model


 *************** function i2_utoa *****************
 Defined at:
		line 17 in file "/opt/microchip/xc8/v2.05/pic/sources/c90/common/itoa.c"
 Parameters:    Size  Location     Type
  buf             2    7[COMRAM] PTR unsigned char 
		 -> Show(3), 
  val             2    9[COMRAM] unsigned int 
  base            2   11[COMRAM] int 
 Auto vars:     Size  Location     Type
  utoa            2   13[COMRAM] unsigned int 
  utoa            1   15[COMRAM] unsigned char 
 Return value:  Size  Location     Type
                  2    7[COMRAM] PTR unsigned char 
 Registers used:
		wreg, fsr2l, fsr2h, status,2, status,0, cstack
 Tracked objects:
		On entry : 
		On exit  : 
		Unchanged: 
 Data sizes:     COMRAM   BANK0   BANK1   BANK2   BANK3   BANK4   BANK5   BANK6   BANK7
      Params:         6       0       0       0       0       0       0       0       0
      Locals:         3       0       0       0       0       0       0       0       0
      Temps:          0       0       0       0       0       0       0       0       0
      Totals:         9       0       0       0       0       0       0       0       0
Total ram usage:        9 bytes
 Hardware stack levels used:    1
 Hardware stack levels required when called:    1
 This function calls:
		i2___lwdiv
		i2___lwmod
 This function is called by:
		i2_itoa
 This function uses a non-reentrant model


 *************** function i2___lwmod *****************
 Defined at:
		line 7 in file "/opt/microchip/xc8/v2.05/pic/sources/c90/common/lwmod.c"
 Parameters:    Size  Location     Type
  dividend        2    0[COMRAM] unsigned int 
  divisor         2    2[COMRAM] unsigned int 
 Auto vars:     Size  Location     Type
  __lwmod         1    4[COMRAM] unsigned char 
 Return value:  Size  Location     Type
                  2    0[COMRAM] unsigned int 
 Registers used:
		wreg, status,2, status,0
 Tracked objects:
		On entry : 
		On exit  : 
		Unchanged: 
 Data sizes:     COMRAM   BANK0   BANK1   BANK2   BANK3   BANK4   BANK5   BANK6   BANK7
      Params:         4       0       0       0       0       0       0       0       0
      Locals:         1       0       0       0       0       0       0       0       0
      Temps:          0       0       0       0       0       0       0       0       0
      Totals:         5       0       0       0       0       0       0       0       0
Total ram usage:        5 bytes
 Hardware stack levels used:    1
 This function calls:
		Nothing
 This function is called by:
		i2_utoa
 This function uses a non-reentrant model


 *************** function i2___lwdiv *****************
 Defined at:
		line 7 in file "/opt/microchip/xc8/v2.05/pic/sources/c90/common/lwdiv.c"
 Parameters:    Size  Location     Type
  dividend        2    0[COMRAM] unsigned int 
  divisor         2    2[COMRAM] unsigned int 
 Auto vars:     Size  Location     Type
  __lwdiv         2    4[COMRAM] unsigned int 
  __lwdiv         1    6[COMRAM] unsigned char 
 Return value:  Size  Location     Type
                  2    0[COMRAM] unsigned int 
 Registers used:
		wreg, status,2, status,0
 Tracked objects:
		On entry : 
		On exit  : 
		Unchanged: 
 Data sizes:     COMRAM   BANK0   BANK1   BANK2   BANK3   BANK4   BANK5   BANK6   BANK7
      Params:         4       0       0       0       0       0       0       0       0
      Locals:         3       0       0       0       0       0       0       0       0
      Temps:          0       0       0       0       0       0       0       0       0
      Totals:         7       0       0       0       0       0       0       0       0
Total ram usage:        7 bytes
 Hardware stack levels used:    1
 This function calls:
		Nothing
 This function is called by:
		i2_utoa
 This function uses a non-reentrant model


 *************** function i2_Lcd_Write_String *****************
 Defined at:
		line 97 in file "lcd.h"
 Parameters:    Size  Location     Type
  a               2    4[COMRAM] PTR unsigned char 
		 -> STR_5(16), STR_4(9), STR_3(16), STR_2(15), 
		 -> STR_1(13), Show(3), 
 Auto vars:     Size  Location     Type
  Lcd_Write_St    2    8[COMRAM] int 
 Return value:  Size  Location     Type
                  1    wreg      void 
 Registers used:
		wreg, fsr2l, fsr2h, status,2, status,0, tblptrl, tblptrh, tblptru, cstack
 Tracked objects:
		On entry : 
		On exit  : 
		Unchanged: 
 Data sizes:     COMRAM   BANK0   BANK1   BANK2   BANK3   BANK4   BANK5   BANK6   BANK7
      Params:         2       0       0       0       0       0       0       0       0
      Locals:         2       0       0       0       0       0       0       0       0
      Temps:          2       0       0       0       0       0       0       0       0
      Totals:         6       0       0       0       0       0       0       0       0
Total ram usage:        6 bytes
 Hardware stack levels used:    1
 Hardware stack levels required when called:    2
 This function calls:
		i2_Lcd_Write_Char
 This function is called by:
		_interruptRB
		i2_transform
 This function uses a non-reentrant model


 *************** function i2_Lcd_Write_Char *****************
 Defined at:
		line 81 in file "lcd.h"
 Parameters:    Size  Location     Type
  a               1    wreg     unsigned char 
 Auto vars:     Size  Location     Type
  a               1    3[COMRAM] unsigned char 
  Lcd_Write_Ch    1    2[COMRAM] unsigned char 
  Lcd_Write_Ch    1    1[COMRAM] unsigned char 
 Return value:  Size  Location     Type
                  1    wreg      void 
 Registers used:
		wreg, status,2, status,0, cstack
 Tracked objects:
		On entry : 
		On exit  : 
		Unchanged: 
 Data sizes:     COMRAM   BANK0   BANK1   BANK2   BANK3   BANK4   BANK5   BANK6   BANK7
      Params:         0       0       0       0       0       0       0       0       0
      Locals:         3       0       0       0       0       0       0       0       0
      Temps:          0       0       0       0       0       0       0       0       0
      Totals:         3       0       0       0       0       0       0       0       0
Total ram usage:        3 bytes
 Hardware stack levels used:    1
 Hardware stack levels required when called:    1
 This function calls:
		i2_Lcd_Port
 This function is called by:
		i2_Lcd_Write_String
 This function uses a non-reentrant model


 *************** function i2_Lcd_Set_Cursor *****************
 Defined at:
		line 41 in file "lcd.h"
 Parameters:    Size  Location     Type
  a               1    wreg     unsigned char 
  b               1    3[COMRAM] unsigned char 
 Auto vars:     Size  Location     Type
  a               1    4[COMRAM] unsigned char 
  Lcd_Set_Curs    1    7[COMRAM] unsigned char 
  Lcd_Set_Curs    1    6[COMRAM] unsigned char 
  Lcd_Set_Curs    1    5[COMRAM] unsigned char 
 Return value:  Size  Location     Type
                  1    wreg      void 
 Registers used:
		wreg, status,2, status,0, cstack
 Tracked objects:
		On entry : 
		On exit  : 
		Unchanged: 
 Data sizes:     COMRAM   BANK0   BANK1   BANK2   BANK3   BANK4   BANK5   BANK6   BANK7
      Params:         1       0       0       0       0       0       0       0       0
      Locals:         4       0       0       0       0       0       0       0       0
      Temps:          0       0       0       0       0       0       0       0       0
      Totals:         5       0       0       0       0       0       0       0       0
Total ram usage:        5 bytes
 Hardware stack levels used:    1
 Hardware stack levels required when called:    2
 This function calls:
		i2_Lcd_Cmd
 This function is called by:
		_interruptRB
		i2_transform
 This function uses a non-reentrant model


 *************** function i2_Lcd_Cmd *****************
 Defined at:
		line 26 in file "lcd.h"
 Parameters:    Size  Location     Type
  a               1    wreg     unsigned char 
 Auto vars:     Size  Location     Type
  a               1    2[COMRAM] unsigned char 
 Return value:  Size  Location     Type
                  1    wreg      void 
 Registers used:
		wreg, status,2, cstack
 Tracked objects:
		On entry : 
		On exit  : 
		Unchanged: 
 Data sizes:     COMRAM   BANK0   BANK1   BANK2   BANK3   BANK4   BANK5   BANK6   BANK7
      Params:         0       0       0       0       0       0       0       0       0
      Locals:         1       0       0       0       0       0       0       0       0
      Temps:          1       0       0       0       0       0       0       0       0
      Totals:         2       0       0       0       0       0       0       0       0
Total ram usage:        2 bytes
 Hardware stack levels used:    1
 Hardware stack levels required when called:    1
 This function calls:
		i2_Lcd_Port
 This function is called by:
		i2_Lcd_Set_Cursor
 This function uses a non-reentrant model


 *************** function i2_Lcd_Port *****************
 Defined at:
		line 4 in file "lcd.h"
 Parameters:    Size  Location     Type
  a               1    wreg     unsigned char 
 Auto vars:     Size  Location     Type
  a               1    0[COMRAM] unsigned char 
 Return value:  Size  Location     Type
                  1    wreg      void 
 Registers used:
		wreg
 Tracked objects:
		On entry : 
		On exit  : 
		Unchanged: 
 Data sizes:     COMRAM   BANK0   BANK1   BANK2   BANK3   BANK4   BANK5   BANK6   BANK7
      Params:         0       0       0       0       0       0       0       0       0
      Locals:         1       0       0       0       0       0       0       0       0
      Temps:          0       0       0       0       0       0       0       0       0
      Totals:         1       0       0       0       0       0       0       0       0
Total ram usage:        1 bytes
 Hardware stack levels used:    1
 This function calls:
		Nothing
 This function is called by:
		i2_Lcd_Cmd
		i2_Lcd_Write_Char
 This function uses a non-reentrant model



MODULE INFORMATION

Module		Function		Class		Link	Load	Size
timer0.c
		_Timer0_Init   		CODE           	10A4	0000	37

timer0.c estimated size: 37

/opt/microchip/xc8/v2.05/pic/sources/c90/common/lwmod.c
		___lwmod       		CODE           	0E90	0000	67

/opt/microchip/xc8/v2.05/pic/sources/c90/common/lwmod.c estimated size: 67

shared
		i2_utoa        		CODE           	0AB4	0000	165
		i2_transform   		CODE           	0E44	0000	77
		i2___lwdiv     		CODE           	0D02	0000	83
		i2_Lcd_Write_Char		CODE           	0FC2	0000	57
		i2_Lcd_Port    		CODE           	1052	0000	45
		i2_Lcd_Cmd     		CODE           	10E8	0000	33
		i2___lwmod     		CODE           	0ED2	0000	67
		__initialization		CODE           	107E	0000	25
		i2_itoa        		CODE           	0F50	0000	59
		i2_Lcd_Set_Cursor		CODE           	0DF4	0000	81
		i2_Lcd_Write_String		CODE           	0C3E	0000	115

shared estimated size: 807

/opt/microchip/xc8/v2.05/pic/sources/c90/common/lwdiv.c
		___lwdiv       		CODE           	0CB0	0000	83

/opt/microchip/xc8/v2.05/pic/sources/c90/common/lwdiv.c estimated size: 83

B_interrupt.c
		_InitInterruptRB		CODE           	1108	0000	21

B_interrupt.c estimated size: 21

lcd.h
		_Lcd_Write_String		CODE           	0BCC	0000	115
		_Lcd_Init      		CODE           	0B58	0000	117
		_Lcd_Write_Char		CODE           	0F8A	0000	57
		_Lcd_Cmd       		CODE           	10C8	0000	33
		_Lcd_Set_Cursor		CODE           	0DA4	0000	81
		_Lcd_Clear     		CODE           	111C	0000	15
		_Lcd_Port      		CODE           	0FFA	0000	45

lcd.h estimated size: 463

/opt/microchip/xc8/v2.05/pic/sources/c90/common/itoa.c
		_itoa          		CODE           	0F14	0000	61
		_utoa          		CODE           	0A10	0000	165

/opt/microchip/xc8/v2.05/pic/sources/c90/common/itoa.c estimated size: 226

main.c
		_main          		CODE           	0848	0000	273
		_InitALL       		CODE           	1026	0000	45
		_interruptRB   		CODE           	0008	0000	191
		_transform     		CODE           	0D54	0000	81

main.c estimated size: 590

