Microchip MPLAB XC8 Compiler V2.05 ()

Linker command line:

-W-3 --edf=/opt/microchip/xc8/v2.05/pic/dat/en_msgs.txt -cs \
  -h+dist/default/production/Dimer.X.production.sym \
  --cmf=dist/default/production/Dimer.X.production.cmf -z -Q18F4550 \
  -o/tmp/xcXnlZ7bC --defsym=__MPLAB_BUILD=1 \
  -Mdist/default/production/Dimer.X.production.map -E1 -ver=XC8 \
  --acfsm=1493 -ASTACK=060h-07FFh -pstack=STACK -ACODE=00h-07FFFh \
  -ACONST=00h-07FFFh -ASMALLCONST=0800h-08FFhx120 \
  -AMEDIUMCONST=0800h-07FFFh -ACOMRAM=01h-05Fh -AABS1=00h-07FFh \
  -ABIGRAM=01h-07FFh -ARAM=060h-0FFh,0100h-01FFhx7 -ABANK0=060h-0FFh \
  -ABANK1=0100h-01FFh -ABANK2=0200h-02FFh -ABANK3=0300h-03FFh \
  -ABANK4=0400h-04FFh -ABANK5=0500h-05FFh -ABANK6=0600h-06FFh \
  -ABANK7=0700h-07FFh -ASFR=0F60h-0FFFh \
  -preset_vec=00h,intcode=08h,intcodelo,powerup,init -pramtop=0800h \
  -psmallconst=SMALLCONST -pmediumconst=MEDIUMCONST -pconst=CONST \
  -AFARRAM=00h-00h -ACONFIG=0300000h-030000Dh -pconfig=CONFIG \
  -AIDLOC=0200000h-0200007h -pidloc=IDLOC -AEEDATA=0F00000h-0F000FFh \
  -peeprom_data=EEDATA \
  -prdata=COMRAM,nvrram=COMRAM,nvbit=COMRAM,rbss=COMRAM,rbit=COMRAM \
  -pfarbss=FARRAM,fardata=FARRAM,nvFARRAM=FARRAM \
  -pintsave_regs=BIGRAM,bigbss=BIGRAM,bigdata=BIGRAM -pbss=RAM \
  -pidata=CODE,irdata=CODE,ibigdata=CODE,ifardata=CODE -prparam=COMRAM \
  /tmp/xcXmhvmOb.o dist/default/production/Dimer.X.production.o 

Object code version is 3.11

Machine type is 18F4550

Call graph: (short form)




                Name                               Link     Load   Length Selector   Space Scale
/tmp/xcXmhvmOb.o
                init                                  E        E        4        4       0
                reset_vec                             0        0        4        0       0
                idloc                            200000   200000        8   200000       0
                config                           300000   300000        E   300000       0
dist/default/production/Dimer.X.production.o
                intcode                               8        8        6        4       0
                temp                                 4E       4E        1        1       1
                smallconst                          800      800       36      400       0
                intcode_body                        F0A      F0A      100      41B       0
                text14                             144A     144A       12      41B       0
                text13                              836      836      30C      41B       0
                text12                              B42      B42      288      41B       0
                text11                             10F4     10F4       BA      41B       0
                text10                              DCA      DCA      140      41B       0
                text9                              1252     1252       94      41B       0
                text8                              1468     1468        8      41B       0
                text7                              145C     145C        C      41B       0
                text6                              1338     1338       52      41B       0
                text5                              12E6     12E6       52      41B       0
                text4                              138A     138A       42      41B       0
                text3                              11AE     11AE       A4      41B       0
                text2                              13CC     13CC       3A      41B       0
                text1                              1406     1406       2A      41B       0
                text0                              100A     100A       EA      41B       0
                cstackCOMRAM                          1        1       42        1       1
                bssCOMRAM                            43       43        B        1       1
                cinit                              1430     1430       1A      41B       0

TOTAL           Name                               Link     Load   Length     Space
        CLASS   STACK          

        CLASS   CODE           
                intcode                               8        8        6         0
                init                                  E        E        4         0
                reset_vec                             0        0        4         0
                intcode_body                        F0A      F0A      100         0
                text14                             144A     144A       12         0
                text13                              836      836      30C         0
                text12                              B42      B42      288         0
                text11                             10F4     10F4       BA         0
                text10                              DCA      DCA      140         0
                text9                              1252     1252       94         0
                text8                              1468     1468        8         0
                text7                              145C     145C        C         0
                text6                              1338     1338       52         0
                text5                              12E6     12E6       52         0
                text4                              138A     138A       42         0
                text3                              11AE     11AE       A4         0
                text2                              13CC     13CC       3A         0
                text1                              1406     1406       2A         0
                text0                              100A     100A       EA         0
                cinit                              1430     1430       1A         0

        CLASS   CONST          

        CLASS   SMALLCONST     
                smallconst                          800      800       36         0

        CLASS   MEDIUMCONST    

        CLASS   COMRAM         
                temp                                 4E       4E        1         1
                cstackCOMRAM                          1        1       42         1
                bssCOMRAM                            43       43        B         1

        CLASS   ABS1           

        CLASS   BIGRAM         

        CLASS   RAM            

        CLASS   BANK0          

        CLASS   BANK1          

        CLASS   BANK2          

        CLASS   BANK3          

        CLASS   BANK4          

        CLASS   BANK5          

        CLASS   BANK6          

        CLASS   BANK7          

        CLASS   SFR            

        CLASS   FARRAM         

        CLASS   CONFIG         
                config                           300000   300000        E         0

        CLASS   IDLOC          
                idloc                            200000   200000        8         0

        CLASS   EEDATA         



SEGMENTS        Name                           Load    Length   Top    Selector   Space  Class

                reset_vec                      000000  000004  000004         0       0  CODE    
                cstackCOMRAM                   000001  00004E  00004F         1       1  COMRAM  
                intcode                        000008  00000A  000012         4       0  CODE    
                smallconst                     000800  000036  000836       400       0  SMALLCON
                text13                         000836  000C3A  001470       41B       0  CODE    
                idloc                          200000  000008  200008    200000       0  IDLOC   
                config                         300000  00000E  30000E    300000       0  CONFIG  


UNUSED ADDRESS RANGES

        Name                Unused          Largest block    Delta
        BANK0            000060-0000FF               A0
        BANK1            000100-0001FF              100
        BANK2            000200-0002FF              100
        BANK3            000300-0003FF              100
        BANK4            000400-0004FF              100
        BANK5            000500-0005FF              100
        BANK6            000600-0006FF              100
        BANK7            000700-0007FF              100
        BIGRAM           00004F-0007FF              7B1
        CODE             000004-000007                4
                         000012-0007FF              7EE
                         001470-007FFF             6B90
        COMRAM           00004F-00005F               11
        CONST            000004-000007                4
                         000012-0007FF              7EE
                         001470-007FFF             6B90
        EEDATA           F00000-F000FF              100
        MEDIUMCONST      001470-007FFF             6B90
        RAM              000060-0007FF              100
        SFR              000F60-000FFF               A0
        SMALLCONST       001470-007FFF              100
        STACK            000060-0007FF              7A0

                                  Symbol Table

?___fladd                    cstackCOMRAM 000029
?___fldiv                    cstackCOMRAM 000010
?___fltol                    cstackCOMRAM 000002
?___lwdiv                    cstackCOMRAM 000002
?___lwmod                    cstackCOMRAM 000002
?___xxtofl                   cstackCOMRAM 000002
USART_Init@baud_rate         cstackCOMRAM 000039
USART_Init@temp              cstackCOMRAM 00003D
USART_SendString@out         cstackCOMRAM 000003
USART_TransmitChar@out       cstackCOMRAM 000002
_ADCON1bits                  (abs)        000FC1
_Counter                     bssCOMRAM    000047
_INT1E                       (abs)        007F83
_INT1IF                      (abs)        007F80
_INTCON2bits                 (abs)        000FF1
_INTCON3bits                 (abs)        000FF0
_INTCONbits                  (abs)        000FF2
_InitInterruptRB             text14       00144A
_OSCCON                      (abs)        000FD3
_PORTD                       (abs)        000F83
_PORTDbits                   (abs)        000F83
_RCIF                        (abs)        007CF5
_RCREG                       (abs)        000FAE
_RCSTA                       (abs)        000FAB
_SPBRG                       (abs)        000FAF
_Show                        bssCOMRAM    00004B
_T0CONbits                   (abs)        000FD5
_TMR0                        (abs)        000FD6
_TMR0IE                      (abs)        007F95
_TMR0IF                      (abs)        007F92
_TRISB                       (abs)        000F93
_TRISC6                      (abs)        007CA6
_TRISC7                      (abs)        007CA7
_TRISD                       (abs)        000F95
_TXIF                        (abs)        007CF4
_TXREG                       (abs)        000FAD
_TXSTA                       (abs)        000FAC
_USART_Init                  text9        001252
_USART_ReceiveChar           text8        001468
_USART_SendString            text6        001338
_USART_TransmitChar          text7        00145C
__CFG_BOR$ON                 (abs)        000000
__CFG_BORV$3                 (abs)        000000
__CFG_CCP2MX$ON              (abs)        000000
__CFG_CP0$OFF                (abs)        000000
__CFG_CP1$OFF                (abs)        000000
__CFG_CP2$OFF                (abs)        000000
__CFG_CP3$OFF                (abs)        000000
__CFG_CPB$OFF                (abs)        000000
__CFG_CPD$OFF                (abs)        000000
__CFG_CPUDIV$OSC1_PLL2       (abs)        000000
__CFG_EBTR0$OFF              (abs)        000000
__CFG_EBTR1$OFF              (abs)        000000
__CFG_EBTR2$OFF              (abs)        000000
__CFG_EBTR3$OFF              (abs)        000000
__CFG_EBTRB$OFF              (abs)        000000
__CFG_FCMEN$OFF              (abs)        000000
__CFG_FOSC$INTOSC_EC         (abs)        000000
__CFG_ICPRT$OFF              (abs)        000000
__CFG_IESO$OFF               (abs)        000000
__CFG_LPT1OSC$OFF            (abs)        000000
__CFG_LVP$OFF                (abs)        000000
__CFG_MCLRE$ON               (abs)        000000
__CFG_PBADEN$ON              (abs)        000000
__CFG_PLLDIV$1               (abs)        000000
__CFG_PWRT$OFF               (abs)        000000
__CFG_STVREN$ON              (abs)        000000
__CFG_USBDIV$1               (abs)        000000
__CFG_VREGEN$OFF             (abs)        000000
__CFG_WDT$OFF                (abs)        000000
__CFG_WDTPS$32768            (abs)        000000
__CFG_WRT0$OFF               (abs)        000000
__CFG_WRT1$OFF               (abs)        000000
__CFG_WRT2$OFF               (abs)        000000
__CFG_WRT3$OFF               (abs)        000000
__CFG_WRTB$OFF               (abs)        000000
__CFG_WRTC$OFF               (abs)        000000
__CFG_WRTD$OFF               (abs)        000000
__CFG_XINST$OFF              (abs)        000000
__HRAM                       (abs)        000000
__Habs1                      abs1         000000
__Hbank0                     bank0        000000
__Hbank1                     bank1        000000
__Hbank2                     bank2        000000
__Hbank3                     bank3        000000
__Hbank4                     bank4        000000
__Hbank5                     bank5        000000
__Hbank6                     bank6        000000
__Hbank7                     bank7        000000
__Hbigbss                    bigbss       000000
__Hbigdata                   bigdata      000000
__Hbigram                    bigram       000000
__Hbss                       bss          000000
__HbssCOMRAM                 bssCOMRAM    000000
__Hcinit                     cinit        000000
__Hclrtext                   clrtext      000000
__Hcomram                    comram       000000
__Hconfig                    config       30000E
__Hconst                     const        000000
__HcstackCOMRAM              cstackCOMRAM 000000
__Hdata                      data         000000
__Heeprom_data               eeprom_data  000000
__Hfarbss                    farbss       000000
__Hfardata                   fardata      000000
__Hibigdata                  ibigdata     000000
__Hidata                     idata        000000
__Hidloc                     idloc        200008
__Hifardata                  ifardata     000000
__Hinit                      init         000012
__Hintcode                   intcode      00000E
__Hintcode_body              intcode_body 000000
__Hintcodelo                 intcodelo    00000E
__Hintentry                  intentry     000000
__Hintret                    intret       000000
__Hintsave_regs              intsave_regs 000000
__Hirdata                    irdata       000000
__Hmediumconst               mediumconst  000000
__HnvFARRAM                  nvFARRAM     000000
__Hnvbit                     nvbit        000000
__Hnvrram                    nvrram       000000
__Hparam                     rparam       000000
__Hpowerup                   powerup      00000E
__Hram                       ram          000000
__Hramtop                    ramtop       000800
__Hrbit                      rbit         000000
__Hrbss                      rbss         000000
__Hrdata                     rdata        000000
__Hreset_vec                 reset_vec    000004
__Hrparam                    rparam       000000
__Hsfr                       sfr          000000
__Hsmallconst                smallconst   000836
__Hspace_0                   (abs)        30000E
__Hspace_1                   (abs)        00004F
__Hspace_2                   (abs)        000000
__Hstack                     stack        000000
__Hstruct                    struct       000000
__Htemp                      temp         00004F
__Htext                      text         000000
__Htext0                     text0        000000
__Htext1                     text1        000000
__Htext10                    text10       000000
__Htext11                    text11       000000
__Htext12                    text12       000000
__Htext13                    text13       000000
__Htext14                    text14       000000
__Htext2                     text2        000000
__Htext3                     text3        000000
__Htext4                     text4        000000
__Htext5                     text5        000000
__Htext6                     text6        000000
__Htext7                     text7        000000
__Htext8                     text8        000000
__Htext9                     text9        000000
__LRAM                       (abs)        000001
__Labs1                      abs1         000000
__Lbank0                     bank0        000000
__Lbank1                     bank1        000000
__Lbank2                     bank2        000000
__Lbank3                     bank3        000000
__Lbank4                     bank4        000000
__Lbank5                     bank5        000000
__Lbank6                     bank6        000000
__Lbank7                     bank7        000000
__Lbigbss                    bigbss       000000
__Lbigdata                   bigdata      000000
__Lbigram                    bigram       000000
__Lbss                       bss          000000
__LbssCOMRAM                 bssCOMRAM    000000
__Lcinit                     cinit        000000
__Lclrtext                   clrtext      000000
__Lcomram                    comram       000000
__Lconfig                    config       300000
__Lconst                     const        000000
__LcstackCOMRAM              cstackCOMRAM 000000
__Ldata                      data         000000
__Leeprom_data               eeprom_data  000000
__Lfarbss                    farbss       000000
__Lfardata                   fardata      000000
__Libigdata                  ibigdata     000000
__Lidata                     idata        000000
__Lidloc                     idloc        200000
__Lifardata                  ifardata     000000
__Linit                      init         00000E
__Lintcode                   intcode      000008
__Lintcode_body              intcode_body 000000
__Lintcodelo                 intcodelo    00000E
__Lintentry                  intentry     000000
__Lintret                    intret       000000
__Lintsave_regs              intsave_regs 000000
__Lirdata                    irdata       000000
__Lmediumconst               mediumconst  000000
__LnvFARRAM                  nvFARRAM     000000
__Lnvbit                     nvbit        000000
__Lnvrram                    nvrram       000000
__Lparam                     rparam       000000
__Lpowerup                   powerup      00000E
__Lram                       ram          000000
__Lramtop                    ramtop       000800
__Lrbit                      rbit         000000
__Lrbss                      rbss         000000
__Lrdata                     rdata        000000
__Lreset_vec                 reset_vec    000000
__Lrparam                    rparam       000000
__Lsfr                       sfr          000000
__Lsmallconst                smallconst   000800
__Lspace_0                   (abs)        000000
__Lspace_1                   (abs)        000000
__Lspace_2                   (abs)        000000
__Lstack                     stack        000000
__Lstruct                    struct       000000
__Ltemp                      temp         00004E
__Ltext                      text         000000
__Ltext0                     text0        000000
__Ltext1                     text1        000000
__Ltext10                    text10       000000
__Ltext11                    text11       000000
__Ltext12                    text12       000000
__Ltext13                    text13       000000
__Ltext14                    text14       000000
__Ltext2                     text2        000000
__Ltext3                     text3        000000
__Ltext4                     text4        000000
__Ltext5                     text5        000000
__Ltext6                     text6        000000
__Ltext7                     text7        000000
__Ltext8                     text8        000000
__Ltext9                     text9        000000
__S0                         (abs)        30000E
__S1                         (abs)        00004F
__S2                         (abs)        000000
___fladd                     text13       000836
___fladd@a                   cstackCOMRAM 00002D
___fladd@aexp                cstackCOMRAM 000036
___fladd@b                   cstackCOMRAM 000029
___fladd@bexp                cstackCOMRAM 000037
___fladd@grs                 cstackCOMRAM 000038
___fladd@signs               cstackCOMRAM 000035
___fldiv                     text12       000B42
___fldiv@a                   cstackCOMRAM 000014
___fldiv@aexp                cstackCOMRAM 000028
___fldiv@b                   cstackCOMRAM 000010
___fldiv@bexp                cstackCOMRAM 000027
___fldiv@grs                 cstackCOMRAM 000023
___fldiv@new_exp             cstackCOMRAM 000021
___fldiv@rem                 cstackCOMRAM 00001C
___fldiv@sign                cstackCOMRAM 000020
___fltol                     text11       0010F4
___fltol@exp1                cstackCOMRAM 00000B
___fltol@f1                  cstackCOMRAM 000002
___fltol@sign1               cstackCOMRAM 00000A
___inthi_sp                  stack        000000
___intlo_sp                  stack        000000
___lwdiv                     text5        0012E6
___lwdiv@counter             cstackCOMRAM 000008
___lwdiv@dividend            cstackCOMRAM 000002
___lwdiv@divisor             cstackCOMRAM 000004
___lwdiv@quotient            cstackCOMRAM 000006
___lwmod                     text4        00138A
___lwmod@counter             cstackCOMRAM 000006
___lwmod@dividend            cstackCOMRAM 000002
___lwmod@divisor             cstackCOMRAM 000004
___param_bank                (abs)        000000
___rparam_used               (abs)        000001
___sp                        stack        000000
___xxtofl                    text10       000DCA
___xxtofl@arg                cstackCOMRAM 00000C
___xxtofl@exp                cstackCOMRAM 00000B
___xxtofl@sign               cstackCOMRAM 00000A
___xxtofl@val                cstackCOMRAM 000002
__accesstop                  (abs)        000060
__activetblptr               (abs)        000002
__end_of_InitInterruptRB     text14       00145C
__end_of_USART_Init          text9        0012E6
__end_of_USART_ReceiveChar   text8        001470
__end_of_USART_SendString    text6        00138A
__end_of_USART_TransmitChar  text7        001468
__end_of___fladd             text13       000B42
__end_of___fldiv             text12       000DCA
__end_of___fltol             text11       0011AE
__end_of___lwdiv             text5        001338
__end_of___lwmod             text4        0013CC
__end_of___xxtofl            text10       000F0A
__end_of__initialization     cinit        00143C
__end_of_interruptRB         intcode_body 00100A
__end_of_itoa                text2        001406
__end_of_main                text0        0010F4
__end_of_transform           text1        001430
__end_of_utoa                text3        001252
__initialization             cinit        001430
__mediumconst                mediumconst  000000
__pbssCOMRAM                 bssCOMRAM    000043
__pcinit                     cinit        001430
__pcstackCOMRAM              cstackCOMRAM 000001
__pintcode                   intcode      000008
__pintcode_body              intcode_body 000F0A
__psmallconst                smallconst   000800
__ptext0                     text0        00100A
__ptext1                     text1        001406
__ptext10                    text10       000DCA
__ptext11                    text11       0010F4
__ptext12                    text12       000B42
__ptext13                    text13       000836
__ptext14                    text14       00144A
__ptext2                     text2        0013CC
__ptext3                     text3        0011AE
__ptext4                     text4        00138A
__ptext5                     text5        0012E6
__ptext6                     text6        001338
__ptext7                     text7        00145C
__ptext8                     text8        001468
__ptext9                     text9        001252
__ramtop                     ramtop       000800
__size_of_InitInterruptRB    (abs)        000000
__size_of_USART_Init         (abs)        000000
__size_of_USART_ReceiveChar  (abs)        000000
__size_of_USART_SendString   (abs)        000000
__size_of_USART_TransmitChar (abs)        000000
__size_of___fladd            (abs)        000000
__size_of___fldiv            (abs)        000000
__size_of___fltol            (abs)        000000
__size_of___lwdiv            (abs)        000000
__size_of___lwmod            (abs)        000000
__size_of___xxtofl           (abs)        000000
__size_of_interruptRB        (abs)        000000
__size_of_itoa               (abs)        000000
__size_of_main               (abs)        000000
__size_of_transform          (abs)        000000
__size_of_utoa               (abs)        000000
__smallconst                 smallconst   000800
_comp                        bssCOMRAM    000043
_delay                       bssCOMRAM    000045
_frecuency                   bssCOMRAM    000049
_interruptRB                 intcode      000008
_itoa                        text2        0013CC
_main                        text0        00100A
_transform                   text1        001406
_utoa                        text3        0011AE
btemp                        temp         00004E
end_of_initialization        cinit        00143C
int$flags                    temp         00004E
int_func                     intcode_body 000F0A
intlevel0                    text         000000
intlevel1                    text         000000
intlevel2                    text         000000
intlevel3                    text         000000
itoa@base                    cstackCOMRAM 000016
itoa@buf                     cstackCOMRAM 000012
itoa@val                     cstackCOMRAM 000014
main@data_in                 cstackCOMRAM 000042
stackhi                      (abs)        0007FF
stacklo                      (abs)        000060
start                        init         00000E
start_initialization         cinit        001430
transform@value              cstackCOMRAM 00001A
ttemp5                       temp         00004F
ttemp6                       temp         000052
ttemp7                       temp         000056
utoa@base                    cstackCOMRAM 00000D
utoa@buf                     cstackCOMRAM 000009
utoa@c                       cstackCOMRAM 000011
utoa@v                       cstackCOMRAM 00000F
utoa@val                     cstackCOMRAM 00000B
wtemp8                       temp         00004F


FUNCTION INFORMATION:

 *************** function _main *****************
 Defined at:
		line 30 in file "main.c"
 Parameters:    Size  Location     Type
		None
 Auto vars:     Size  Location     Type
  data_in         1   65[COMRAM] unsigned char 
 Return value:  Size  Location     Type
                  1    wreg      void 
 Registers used:
		wreg, fsr2l, fsr2h, status,2, status,0, tblptrl, tblptrh, tblptru, cstack
 Tracked objects:
		On entry : 
		On exit  : 
		Unchanged: 
 Data sizes:     COMRAM   BANK0   BANK1   BANK2   BANK3   BANK4   BANK5   BANK6   BANK7
      Params:         0       0       0       0       0       0       0       0       0
      Locals:         1       0       0       0       0       0       0       0       0
      Temps:          1       0       0       0       0       0       0       0       0
      Totals:         2       0       0       0       0       0       0       0       0
Total ram usage:        2 bytes
 Hardware stack levels required when called:    5
 This function calls:
		_InitInterruptRB
		_USART_Init
		_USART_ReceiveChar
		_USART_SendString
		_transform
 This function is called by:
		Startup code after reset
 This function uses a non-reentrant model


 *************** function _transform *****************
 Defined at:
		line 23 in file "main.c"
 Parameters:    Size  Location     Type
  value           2   25[COMRAM] int 
 Auto vars:     Size  Location     Type
		None
 Return value:  Size  Location     Type
                  1    wreg      void 
 Registers used:
		wreg, fsr2l, fsr2h, status,2, status,0, tblptrl, tblptrh, tblptru, cstack
 Tracked objects:
		On entry : 
		On exit  : 
		Unchanged: 
 Data sizes:     COMRAM   BANK0   BANK1   BANK2   BANK3   BANK4   BANK5   BANK6   BANK7
      Params:         2       0       0       0       0       0       0       0       0
      Locals:         0       0       0       0       0       0       0       0       0
      Temps:          0       0       0       0       0       0       0       0       0
      Totals:         2       0       0       0       0       0       0       0       0
Total ram usage:        2 bytes
 Hardware stack levels used:    1
 Hardware stack levels required when called:    4
 This function calls:
		_USART_SendString
		_itoa
 This function is called by:
		_main
 This function uses a non-reentrant model


 *************** function _itoa *****************
 Defined at:
		line 4 in file "/opt/microchip/xc8/v2.05/pic/sources/c90/common/itoa.c"
 Parameters:    Size  Location     Type
  buf             2   17[COMRAM] PTR unsigned char 
		 -> Show(3), 
  val             2   19[COMRAM] int 
  base            2   21[COMRAM] int 
 Auto vars:     Size  Location     Type
  cp              2    0        PTR unsigned char 
		 -> Show(3), 
 Return value:  Size  Location     Type
                  2   17[COMRAM] PTR unsigned char 
 Registers used:
		wreg, fsr2l, fsr2h, status,2, status,0, cstack
 Tracked objects:
		On entry : 
		On exit  : 
		Unchanged: 
 Data sizes:     COMRAM   BANK0   BANK1   BANK2   BANK3   BANK4   BANK5   BANK6   BANK7
      Params:         6       0       0       0       0       0       0       0       0
      Locals:         2       0       0       0       0       0       0       0       0
      Temps:          0       0       0       0       0       0       0       0       0
      Totals:         8       0       0       0       0       0       0       0       0
Total ram usage:        8 bytes
 Hardware stack levels used:    1
 Hardware stack levels required when called:    3
 This function calls:
		_utoa
 This function is called by:
		_transform
 This function uses a non-reentrant model


 *************** function _utoa *****************
 Defined at:
		line 17 in file "/opt/microchip/xc8/v2.05/pic/sources/c90/common/itoa.c"
 Parameters:    Size  Location     Type
  buf             2    8[COMRAM] PTR unsigned char 
		 -> Show(3), 
  val             2   10[COMRAM] unsigned int 
  base            2   12[COMRAM] int 
 Auto vars:     Size  Location     Type
  v               2   14[COMRAM] unsigned int 
  c               1   16[COMRAM] unsigned char 
 Return value:  Size  Location     Type
                  2    8[COMRAM] PTR unsigned char 
 Registers used:
		wreg, fsr2l, fsr2h, status,2, status,0, cstack
 Tracked objects:
		On entry : 
		On exit  : 
		Unchanged: 
 Data sizes:     COMRAM   BANK0   BANK1   BANK2   BANK3   BANK4   BANK5   BANK6   BANK7
      Params:         6       0       0       0       0       0       0       0       0
      Locals:         3       0       0       0       0       0       0       0       0
      Temps:          0       0       0       0       0       0       0       0       0
      Totals:         9       0       0       0       0       0       0       0       0
Total ram usage:        9 bytes
 Hardware stack levels used:    1
 Hardware stack levels required when called:    2
 This function calls:
		___lwdiv
		___lwmod
 This function is called by:
		_itoa
 This function uses a non-reentrant model


 *************** function ___lwmod *****************
 Defined at:
		line 7 in file "/opt/microchip/xc8/v2.05/pic/sources/c90/common/lwmod.c"
 Parameters:    Size  Location     Type
  dividend        2    1[COMRAM] unsigned int 
  divisor         2    3[COMRAM] unsigned int 
 Auto vars:     Size  Location     Type
  counter         1    5[COMRAM] unsigned char 
 Return value:  Size  Location     Type
                  2    1[COMRAM] unsigned int 
 Registers used:
		wreg, status,2, status,0
 Tracked objects:
		On entry : 
		On exit  : 
		Unchanged: 
 Data sizes:     COMRAM   BANK0   BANK1   BANK2   BANK3   BANK4   BANK5   BANK6   BANK7
      Params:         4       0       0       0       0       0       0       0       0
      Locals:         1       0       0       0       0       0       0       0       0
      Temps:          0       0       0       0       0       0       0       0       0
      Totals:         5       0       0       0       0       0       0       0       0
Total ram usage:        5 bytes
 Hardware stack levels used:    1
 Hardware stack levels required when called:    1
 This function calls:
		Nothing
 This function is called by:
		_utoa
 This function uses a non-reentrant model


 *************** function ___lwdiv *****************
 Defined at:
		line 7 in file "/opt/microchip/xc8/v2.05/pic/sources/c90/common/lwdiv.c"
 Parameters:    Size  Location     Type
  dividend        2    1[COMRAM] unsigned int 
  divisor         2    3[COMRAM] unsigned int 
 Auto vars:     Size  Location     Type
  quotient        2    5[COMRAM] unsigned int 
  counter         1    7[COMRAM] unsigned char 
 Return value:  Size  Location     Type
                  2    1[COMRAM] unsigned int 
 Registers used:
		wreg, status,2, status,0
 Tracked objects:
		On entry : 
		On exit  : 
		Unchanged: 
 Data sizes:     COMRAM   BANK0   BANK1   BANK2   BANK3   BANK4   BANK5   BANK6   BANK7
      Params:         4       0       0       0       0       0       0       0       0
      Locals:         3       0       0       0       0       0       0       0       0
      Temps:          0       0       0       0       0       0       0       0       0
      Totals:         7       0       0       0       0       0       0       0       0
Total ram usage:        7 bytes
 Hardware stack levels used:    1
 Hardware stack levels required when called:    1
 This function calls:
		Nothing
 This function is called by:
		_utoa
 This function uses a non-reentrant model


 *************** function _USART_SendString *****************
 Defined at:
		line 33 in file "USART_Source_File.c"
 Parameters:    Size  Location     Type
  out             2    2[COMRAM] PTR const unsigned char 
		 -> STR_6(22), STR_5(8), STR_4(8), STR_3(7), 
		 -> STR_2(7), STR_1(7), Show(3), 
 Auto vars:     Size  Location     Type
		None
 Return value:  Size  Location     Type
                  1    wreg      void 
 Registers used:
		wreg, fsr2l, fsr2h, status,2, status,0, tblptrl, tblptrh, tblptru, cstack
 Tracked objects:
		On entry : 
		On exit  : 
		Unchanged: 
 Data sizes:     COMRAM   BANK0   BANK1   BANK2   BANK3   BANK4   BANK5   BANK6   BANK7
      Params:         2       0       0       0       0       0       0       0       0
      Locals:         0       0       0       0       0       0       0       0       0
      Temps:          0       0       0       0       0       0       0       0       0
      Totals:         2       0       0       0       0       0       0       0       0
Total ram usage:        2 bytes
 Hardware stack levels used:    1
 Hardware stack levels required when called:    2
 This function calls:
		_USART_TransmitChar
 This function is called by:
		_transform
		_main
 This function uses a non-reentrant model


 *************** function _USART_TransmitChar *****************
 Defined at:
		line 19 in file "USART_Source_File.c"
 Parameters:    Size  Location     Type
  out             1    wreg     unsigned char 
 Auto vars:     Size  Location     Type
  out             1    1[COMRAM] unsigned char 
 Return value:  Size  Location     Type
                  1    wreg      void 
 Registers used:
		wreg
 Tracked objects:
		On entry : 
		On exit  : 
		Unchanged: 
 Data sizes:     COMRAM   BANK0   BANK1   BANK2   BANK3   BANK4   BANK5   BANK6   BANK7
      Params:         0       0       0       0       0       0       0       0       0
      Locals:         1       0       0       0       0       0       0       0       0
      Temps:          0       0       0       0       0       0       0       0       0
      Totals:         1       0       0       0       0       0       0       0       0
Total ram usage:        1 bytes
 Hardware stack levels used:    1
 Hardware stack levels required when called:    1
 This function calls:
		Nothing
 This function is called by:
		_USART_SendString
 This function uses a non-reentrant model


 *************** function _USART_ReceiveChar *****************
 Defined at:
		line 26 in file "USART_Source_File.c"
 Parameters:    Size  Location     Type
		None
 Auto vars:     Size  Location     Type
		None
 Return value:  Size  Location     Type
                  1    wreg      unsigned char 
 Registers used:
		wreg, status,2
 Tracked objects:
		On entry : 
		On exit  : 
		Unchanged: 
 Data sizes:     COMRAM   BANK0   BANK1   BANK2   BANK3   BANK4   BANK5   BANK6   BANK7
      Params:         0       0       0       0       0       0       0       0       0
      Locals:         0       0       0       0       0       0       0       0       0
      Temps:          0       0       0       0       0       0       0       0       0
      Totals:         0       0       0       0       0       0       0       0       0
Total ram usage:        0 bytes
 Hardware stack levels used:    1
 Hardware stack levels required when called:    1
 This function calls:
		Nothing
 This function is called by:
		_main
 This function uses a non-reentrant model


 *************** function _USART_Init *****************
 Defined at:
		line 8 in file "USART_Source_File.c"
 Parameters:    Size  Location     Type
  baud_rate       4   56[COMRAM] long 
 Auto vars:     Size  Location     Type
  temp            4   60[COMRAM] float 
 Return value:  Size  Location     Type
                  1    wreg      void 
 Registers used:
		wreg, status,2, status,0, cstack
 Tracked objects:
		On entry : 
		On exit  : 
		Unchanged: 
 Data sizes:     COMRAM   BANK0   BANK1   BANK2   BANK3   BANK4   BANK5   BANK6   BANK7
      Params:         4       0       0       0       0       0       0       0       0
      Locals:         4       0       0       0       0       0       0       0       0
      Temps:          0       0       0       0       0       0       0       0       0
      Totals:         8       0       0       0       0       0       0       0       0
Total ram usage:        8 bytes
 Hardware stack levels used:    1
 Hardware stack levels required when called:    2
 This function calls:
		___fladd
		___fldiv
		___fltol
		___xxtofl
 This function is called by:
		_main
 This function uses a non-reentrant model


 *************** function ___xxtofl *****************
 Defined at:
		line 10 in file "/opt/microchip/xc8/v2.05/pic/sources/c90/common/xxtofl.c"
 Parameters:    Size  Location     Type
  sign            1    wreg     unsigned char 
  val             4    1[COMRAM] long 
 Auto vars:     Size  Location     Type
  sign            1    9[COMRAM] unsigned char 
  arg             4   11[COMRAM] unsigned long 
  exp             1   10[COMRAM] unsigned char 
 Return value:  Size  Location     Type
                  4    1[COMRAM] unsigned char 
 Registers used:
		wreg, status,2, status,0
 Tracked objects:
		On entry : 
		On exit  : 
		Unchanged: 
 Data sizes:     COMRAM   BANK0   BANK1   BANK2   BANK3   BANK4   BANK5   BANK6   BANK7
      Params:         4       0       0       0       0       0       0       0       0
      Locals:         6       0       0       0       0       0       0       0       0
      Temps:          4       0       0       0       0       0       0       0       0
      Totals:        14       0       0       0       0       0       0       0       0
Total ram usage:       14 bytes
 Hardware stack levels used:    1
 Hardware stack levels required when called:    1
 This function calls:
		Nothing
 This function is called by:
		_USART_Init
 This function uses a non-reentrant model


 *************** function ___fltol *****************
 Defined at:
		line 43 in file "/opt/microchip/xc8/v2.05/pic/sources/c90/common/fltol.c"
 Parameters:    Size  Location     Type
  f1              4    1[COMRAM] unsigned char 
 Auto vars:     Size  Location     Type
  exp1            1   10[COMRAM] unsigned char 
  sign1           1    9[COMRAM] unsigned char 
 Return value:  Size  Location     Type
                  4    1[COMRAM] long 
 Registers used:
		wreg, status,2, status,0
 Tracked objects:
		On entry : 
		On exit  : 
		Unchanged: 
 Data sizes:     COMRAM   BANK0   BANK1   BANK2   BANK3   BANK4   BANK5   BANK6   BANK7
      Params:         4       0       0       0       0       0       0       0       0
      Locals:         2       0       0       0       0       0       0       0       0
      Temps:          4       0       0       0       0       0       0       0       0
      Totals:        10       0       0       0       0       0       0       0       0
Total ram usage:       10 bytes
 Hardware stack levels used:    1
 Hardware stack levels required when called:    1
 This function calls:
		Nothing
 This function is called by:
		_USART_Init
 This function uses a non-reentrant model


 *************** function ___fldiv *****************
 Defined at:
		line 11 in file "/opt/microchip/xc8/v2.05/pic/sources/c90/common/sprcdiv.c"
 Parameters:    Size  Location     Type
  b               4   15[COMRAM] long 
  a               4   19[COMRAM] long 
 Auto vars:     Size  Location     Type
  grs             4   34[COMRAM] unsigned long 
  rem             4   27[COMRAM] unsigned long 
  new_exp         2   32[COMRAM] int 
  aexp            1   39[COMRAM] unsigned char 
  bexp            1   38[COMRAM] unsigned char 
  sign            1   31[COMRAM] unsigned char 
 Return value:  Size  Location     Type
                  4   15[COMRAM] unsigned char 
 Registers used:
		wreg, status,2, status,0
 Tracked objects:
		On entry : 
		On exit  : 
		Unchanged: 
 Data sizes:     COMRAM   BANK0   BANK1   BANK2   BANK3   BANK4   BANK5   BANK6   BANK7
      Params:         8       0       0       0       0       0       0       0       0
      Locals:        13       0       0       0       0       0       0       0       0
      Temps:          4       0       0       0       0       0       0       0       0
      Totals:        25       0       0       0       0       0       0       0       0
Total ram usage:       25 bytes
 Hardware stack levels used:    1
 Hardware stack levels required when called:    1
 This function calls:
		Nothing
 This function is called by:
		_USART_Init
 This function uses a non-reentrant model


 *************** function ___fladd *****************
 Defined at:
		line 10 in file "/opt/microchip/xc8/v2.05/pic/sources/c90/common/sprcadd.c"
 Parameters:    Size  Location     Type
  b               4   40[COMRAM] unsigned char 
  a               4   44[COMRAM] unsigned char 
 Auto vars:     Size  Location     Type
  grs             1   55[COMRAM] unsigned char 
  bexp            1   54[COMRAM] unsigned char 
  aexp            1   53[COMRAM] unsigned char 
  signs           1   52[COMRAM] unsigned char 
 Return value:  Size  Location     Type
                  4   40[COMRAM] unsigned char 
 Registers used:
		wreg, status,2, status,0
 Tracked objects:
		On entry : 
		On exit  : 
		Unchanged: 
 Data sizes:     COMRAM   BANK0   BANK1   BANK2   BANK3   BANK4   BANK5   BANK6   BANK7
      Params:         8       0       0       0       0       0       0       0       0
      Locals:         4       0       0       0       0       0       0       0       0
      Temps:          4       0       0       0       0       0       0       0       0
      Totals:        16       0       0       0       0       0       0       0       0
Total ram usage:       16 bytes
 Hardware stack levels used:    1
 Hardware stack levels required when called:    1
 This function calls:
		Nothing
 This function is called by:
		_USART_Init
 This function uses a non-reentrant model


 *************** function _InitInterruptRB *****************
 Defined at:
		line 16 in file "B_interrupt.c"
 Parameters:    Size  Location     Type
		None
 Auto vars:     Size  Location     Type
		None
 Return value:  Size  Location     Type
                  1    wreg      void 
 Registers used:
		wreg, status,2
 Tracked objects:
		On entry : 
		On exit  : 
		Unchanged: 
 Data sizes:     COMRAM   BANK0   BANK1   BANK2   BANK3   BANK4   BANK5   BANK6   BANK7
      Params:         0       0       0       0       0       0       0       0       0
      Locals:         0       0       0       0       0       0       0       0       0
      Temps:          0       0       0       0       0       0       0       0       0
      Totals:         0       0       0       0       0       0       0       0       0
Total ram usage:        0 bytes
 Hardware stack levels used:    1
 Hardware stack levels required when called:    1
 This function calls:
		Nothing
 This function is called by:
		_main
 This function uses a non-reentrant model


 *************** function _interruptRB *****************
 Defined at:
		line 94 in file "main.c"
 Parameters:    Size  Location     Type
		None
 Auto vars:     Size  Location     Type
		None
 Return value:  Size  Location     Type
                  1    wreg      void 
 Registers used:
		wreg, status,2, status,0
 Tracked objects:
		On entry : 
		On exit  : 
		Unchanged: 
 Data sizes:     COMRAM   BANK0   BANK1   BANK2   BANK3   BANK4   BANK5   BANK6   BANK7
      Params:         0       0       0       0       0       0       0       0       0
      Locals:         0       0       0       0       0       0       0       0       0
      Temps:          1       0       0       0       0       0       0       0       0
      Totals:         1       0       0       0       0       0       0       0       0
Total ram usage:        1 bytes
 Hardware stack levels used:    1
 This function calls:
		Nothing
 This function is called by:
		Interrupt level 2
 This function uses a non-reentrant model



MODULE INFORMATION

Module		Function		Class		Link	Load	Size
/opt/microchip/xc8/v2.05/pic/sources/c90/common/xxtofl.c
		___xxtofl      		CODE           	0DCA	0000	321

/opt/microchip/xc8/v2.05/pic/sources/c90/common/xxtofl.c estimated size: 321

/opt/microchip/xc8/v2.05/pic/sources/c90/common/sprcdiv.c
		___fldiv       		CODE           	0B42	0000	649

/opt/microchip/xc8/v2.05/pic/sources/c90/common/sprcdiv.c estimated size: 649

USART_Source_File.c
		_USART_TransmitChar		CODE           	145C	0000	13
		_USART_ReceiveChar		CODE           	1468	0000	9
		_USART_SendString		CODE           	1338	0000	83
		_USART_Init    		CODE           	1252	0000	149

USART_Source_File.c estimated size: 254

/opt/microchip/xc8/v2.05/pic/sources/c90/common/lwmod.c
		___lwmod       		CODE           	138A	0000	67

/opt/microchip/xc8/v2.05/pic/sources/c90/common/lwmod.c estimated size: 67

/opt/microchip/xc8/v2.05/pic/sources/c90/common/sprcadd.c
		___fladd       		CODE           	0836	0000	781

/opt/microchip/xc8/v2.05/pic/sources/c90/common/sprcadd.c estimated size: 781

shared
		__initialization		CODE           	1430	0000	13

shared estimated size: 13

/opt/microchip/xc8/v2.05/pic/sources/c90/common/lwdiv.c
		___lwdiv       		CODE           	12E6	0000	83

/opt/microchip/xc8/v2.05/pic/sources/c90/common/lwdiv.c estimated size: 83

B_interrupt.c
		_InitInterruptRB		CODE           	144A	0000	19

B_interrupt.c estimated size: 19

/opt/microchip/xc8/v2.05/pic/sources/c90/common/fltol.c
		___fltol       		CODE           	10F4	0000	187

/opt/microchip/xc8/v2.05/pic/sources/c90/common/fltol.c estimated size: 187

/opt/microchip/xc8/v2.05/pic/sources/c90/common/itoa.c
		_itoa          		CODE           	13CC	0000	59
		_utoa          		CODE           	11AE	0000	165

/opt/microchip/xc8/v2.05/pic/sources/c90/common/itoa.c estimated size: 224

main.c
		_main          		CODE           	100A	0000	235
		_interruptRB   		CODE           	0008	0000	263
		_transform     		CODE           	1406	0000	43

main.c estimated size: 541

