Microchip MPLAB XC8 Compiler V2.05 ()

Linker command line:

-W-3 --edf=/opt/microchip/xc8/v2.05/pic/dat/en_msgs.txt -cs \
  -h+dist/default/production/ADC1.X.production.sym \
  --cmf=dist/default/production/ADC1.X.production.cmf -z -Q18F4550 \
  -o/tmp/xcXVxtg8t --defsym=__MPLAB_BUILD=1 \
  -Mdist/default/production/ADC1.X.production.map -E1 -ver=XC8 --acfsm=1493 \
  -ASTACK=0150h-07FFh -pstack=STACK -ACODE=00h-07FFFh -ACONST=00h-07FFFh \
  -ASMALLCONST=0800h-08FFhx120 -AMEDIUMCONST=0800h-07FFFh -ACOMRAM=01h-05Fh \
  -AABS1=00h-07FFh -ABIGRAM=01h-07FFh -ARAM=060h-0FFh,0100h-01FFhx7 \
  -ABANK0=060h-0FFh -ABANK1=0100h-01FFh -ABANK2=0200h-02FFh \
  -ABANK3=0300h-03FFh -ABANK4=0400h-04FFh -ABANK5=0500h-05FFh \
  -ABANK6=0600h-06FFh -ABANK7=0700h-07FFh -ASFR=0F60h-0FFFh \
  -preset_vec=00h,intcode,intcodelo,powerup,init -pramtop=0800h \
  -psmallconst=SMALLCONST -pmediumconst=MEDIUMCONST -pconst=CONST \
  -AFARRAM=00h-00h -ACONFIG=0300000h-030000Dh -pconfig=CONFIG \
  -AIDLOC=0200000h-0200007h -pidloc=IDLOC -AEEDATA=0F00000h-0F000FFh \
  -peeprom_data=EEDATA \
  -prdata=COMRAM,nvrram=COMRAM,nvbit=COMRAM,rbss=COMRAM,rbit=COMRAM \
  -pfarbss=FARRAM,fardata=FARRAM,nvFARRAM=FARRAM \
  -pintsave_regs=BIGRAM,bigbss=BIGRAM,bigdata=BIGRAM -pbss=RAM \
  -pidata=CODE,irdata=CODE,ibigdata=CODE,ifardata=CODE -prparam=COMRAM \
  /tmp/xcXj4Flwv.o dist/default/production/ADC1.X.production.o 

Object code version is 3.11

Machine type is 18F4550

Call graph: (short form)




                Name                               Link     Load   Length Selector   Space Scale
/tmp/xcXj4Flwv.o
                init                                  0        0        4        0       0
                idloc                            200000   200000        8   200000       0
                config                           300000   300000        E   300000       0
dist/default/production/ADC1.X.production.o
                smallconst                          800      800       48      400       0
                text39                             2E50     2E50       26      424       0
                text38                             2D14     2D14       32      424       0
                text37                             2DD4     2DD4       2C      424       0
                text36                             2E98     2E98       20      424       0
                text35                             2EB8     2EB8        E      424       0
                text34                             2934     2934       74      424       0
                text33                             2B84     2B84       50      424       0
                text32                             2CDC     2CDC       38      424       0
                text31                             29A8     29A8       72      424       0
                text30                             22B4     22B4      140      424       0
                text29                             2E2A     2E2A       26      424       0
                text28                             2D76     2D76       30      424       0
                text27                             2C66     2C66       3E      424       0
                text26                             2174     2174      140      424       0
                text25                             28B0     28B0       84      424       0
                text24                             2A1A     2A1A       70      424       0
                text23                             1BD4     1BD4      288      424       0
                text22                             2826     2826       8A      424       0
                text21                             23F4     23F4       D0      424       0
                text20                             1576     1576      352      424       0
                text19                             2DA6     2DA6       2E      424       0
                text18                             18C8     18C8      30C      424       0
                text17                             2C20     2C20       46      424       0
                text16                             2590     2590       BA      424       0
                text15                             24C4     24C4       CC      424       0
                text14                             1E5C     1E5C      1B6      424       0
                text13                             2EC6     2EC6        2      424       0
                text12                             26EC     26EC       A0      424       0
                text11                             2CA4     2CA4       38      424       0
                text10                             2E00     2E00       2A      424       0
                text9                              278C     278C       9A      424       0
                text8                              2B32     2B32       52      424       0
                text7                              2D46     2D46       30      424       0
                text6                              2BD4     2BD4       4C      424       0
                text5                               848      848      97C      424       0
                text4                              264A     264A       A2      424       0
                text3                              11C4     11C4      3B2      424       0
                text2                              2A8A     2A8A       56      424       0
                text1                              2AE0     2AE0       52      424       0
                text0                              2012     2012      162      424       0
                cstackCOMRAM                          1        1       5F        1       1
                cstackBANK0                          60       60       6B       60       1
                bssBANK1                            100      100       50      100       1
                bssBANK0                             CB       CB       2A       60       1
                cinit                              2E76     2E76       22      424       0

TOTAL           Name                               Link     Load   Length     Space
        CLASS   STACK          

        CLASS   CODE           
                init                                  0        0        4         0
                text39                             2E50     2E50       26         0
                text38                             2D14     2D14       32         0
                text37                             2DD4     2DD4       2C         0
                text36                             2E98     2E98       20         0
                text35                             2EB8     2EB8        E         0
                text34                             2934     2934       74         0
                text33                             2B84     2B84       50         0
                text32                             2CDC     2CDC       38         0
                text31                             29A8     29A8       72         0
                text30                             22B4     22B4      140         0
                text29                             2E2A     2E2A       26         0
                text28                             2D76     2D76       30         0
                text27                             2C66     2C66       3E         0
                text26                             2174     2174      140         0
                text25                             28B0     28B0       84         0
                text24                             2A1A     2A1A       70         0
                text23                             1BD4     1BD4      288         0
                text22                             2826     2826       8A         0
                text21                             23F4     23F4       D0         0
                text20                             1576     1576      352         0
                text19                             2DA6     2DA6       2E         0
                text18                             18C8     18C8      30C         0
                text17                             2C20     2C20       46         0
                text16                             2590     2590       BA         0
                text15                             24C4     24C4       CC         0
                text14                             1E5C     1E5C      1B6         0
                text13                             2EC6     2EC6        2         0
                text12                             26EC     26EC       A0         0
                text11                             2CA4     2CA4       38         0
                text10                             2E00     2E00       2A         0
                text9                              278C     278C       9A         0
                text8                              2B32     2B32       52         0
                text7                              2D46     2D46       30         0
                text6                              2BD4     2BD4       4C         0
                text5                               848      848      97C         0
                text4                              264A     264A       A2         0
                text3                              11C4     11C4      3B2         0
                text2                              2A8A     2A8A       56         0
                text1                              2AE0     2AE0       52         0
                text0                              2012     2012      162         0
                cinit                              2E76     2E76       22         0

        CLASS   CONST          

        CLASS   SMALLCONST     
                smallconst                          800      800       48         0

        CLASS   MEDIUMCONST    

        CLASS   COMRAM         
                cstackCOMRAM                          1        1       5F         1

        CLASS   ABS1           

        CLASS   BIGRAM         

        CLASS   RAM            

        CLASS   BANK0          
                cstackBANK0                          60       60       6B         1
                bssBANK0                             CB       CB       2A         1

        CLASS   BANK1          
                bssBANK1                            100      100       50         1

        CLASS   BANK2          

        CLASS   BANK3          

        CLASS   BANK4          

        CLASS   BANK5          

        CLASS   BANK6          

        CLASS   BANK7          

        CLASS   SFR            

        CLASS   FARRAM         

        CLASS   CONFIG         
                config                           300000   300000        E         0

        CLASS   IDLOC          
                idloc                            200000   200000        8         0

        CLASS   EEDATA         



SEGMENTS        Name                           Load    Length   Top    Selector   Space  Class

                reset_vec                      000000  000004  000004         0       0  CODE    
                cstackCOMRAM                   000001  00005F  000060         1       1  COMRAM  
                cstackBANK0                    000060  000095  0000F5        60       1  BANK0   
                bssBANK1                       000100  000050  000150       100       1  BANK1   
                smallconst                     000800  000048  000848       400       0  SMALLCON
                text5                          000848  002680  002EC8       424       0  CODE    
                idloc                          200000  000008  200008    200000       0  IDLOC   
                config                         300000  00000E  30000E    300000       0  CONFIG  


UNUSED ADDRESS RANGES

        Name                Unused          Largest block    Delta
        BANK0            0000F5-0000FF                B
        BANK1            000150-0001FF               B0
        BANK2            000200-0002FF              100
        BANK3            000300-0003FF              100
        BANK4            000400-0004FF              100
        BANK5            000500-0005FF              100
        BANK6            000600-0006FF              100
        BANK7            000700-0007FF              100
        BIGRAM           0000F5-0000FF                B
                         000150-0007FF              6B0
        CODE             000004-0007FF              7FC
                         002EC8-007FFF             5138
        CONST            000004-0007FF              7FC
                         002EC8-007FFF             5138
        EEDATA           F00000-F000FF              100
        MEDIUMCONST      002EC8-007FFF             5138
        RAM              0000F5-0000FF                B
                         000150-0007FF              100
        SFR              000F60-000FFF               A0
        SMALLCONST       002EC8-007FFF              100
        STACK            000150-0007FF              6B0

                                  Symbol Table

?_ADC_Read                 cstackCOMRAM 000001
?___awdiv                  cstackCOMRAM 000001
?___awmod                  cstackCOMRAM 000001
?___fladd                  cstackCOMRAM 000001
?___fldiv                  cstackCOMRAM 000028
?___flmul                  cstackCOMRAM 00000F
?___flneg                  cstackCOMRAM 000001
?___flsub                  cstackCOMRAM 000028
?___fltol                  cstackCOMRAM 000001
?___fpclassifyf            cstackCOMRAM 000001
?___wmul                   cstackCOMRAM 000001
?___xxtofl                 cstackCOMRAM 000001
?_atoi                     cstackCOMRAM 000008
?_efgtoa                   cstackCOMRAM 000055
?_floorf                   cstackCOMRAM 000041
?_isdigit                  cstackCOMRAM 000001
?_isspace                  cstackCOMRAM 000001
?_isupper                  cstackCOMRAM 000001
?_pad                      cstackCOMRAM 000011
?_sprintf                  cstackBANK0  0000B7
?_strlen                   cstackCOMRAM 000001
?_strncmp                  cstackCOMRAM 000001
?_tolower                  cstackCOMRAM 000007
?_vfpfcnvrt                cstackBANK0  00009D
?_vfprintf                 cstackBANK0  0000AF
ADC_Read@ch                cstackCOMRAM 000003
Lcd_Cmd@a                  cstackCOMRAM 000003
Lcd_Port@a                 cstackCOMRAM 000001
Lcd_Set_Cursor@a           cstackCOMRAM 000005
Lcd_Set_Cursor@b           cstackCOMRAM 000004
Lcd_Set_Cursor@temp        cstackCOMRAM 000008
Lcd_Set_Cursor@y           cstackCOMRAM 000007
Lcd_Set_Cursor@z           cstackCOMRAM 000006
Lcd_Write_Char@a           cstackCOMRAM 000004
Lcd_Write_Char@temp        cstackCOMRAM 000002
Lcd_Write_Char@y           cstackCOMRAM 000003
Lcd_Write_String@a         cstackCOMRAM 000005
Lcd_Write_String@i         cstackCOMRAM 000009
_ADCInit                   text39       002E50
_ADCON0                    (abs)        000FC2
_ADCON0bits                (abs)        000FC2
_ADCON1bits                (abs)        000FC1
_ADCON2bits                (abs)        000FC0
_ADC_Read                  text38       002D14
_ADRES                     (abs)        000FC3
_Lcd_Clear                 text35       002EB8
_Lcd_Cmd                   text36       002E98
_Lcd_Init                  text34       002934
_Lcd_Port                  text37       002DD4
_Lcd_Set_Cursor            text33       002B84
_Lcd_Write_Char            text32       002CDC
_Lcd_Write_String          text31       0029A8
_PORTDbits                 (abs)        000F83
_TRISA                     (abs)        000F92
_TRISD                     (abs)        000F95
_Value                     bssBANK0     0000DF
__CFG_BOR$ON               (abs)        000000
__CFG_BORV$3               (abs)        000000
__CFG_CCP2MX$ON            (abs)        000000
__CFG_CP0$OFF              (abs)        000000
__CFG_CP1$OFF              (abs)        000000
__CFG_CP2$OFF              (abs)        000000
__CFG_CP3$OFF              (abs)        000000
__CFG_CPB$OFF              (abs)        000000
__CFG_CPD$OFF              (abs)        000000
__CFG_CPUDIV$OSC1_PLL2     (abs)        000000
__CFG_EBTR0$OFF            (abs)        000000
__CFG_EBTR1$OFF            (abs)        000000
__CFG_EBTR2$OFF            (abs)        000000
__CFG_EBTR3$OFF            (abs)        000000
__CFG_EBTRB$OFF            (abs)        000000
__CFG_FCMEN$OFF            (abs)        000000
__CFG_FOSC$HS              (abs)        000000
__CFG_ICPRT$OFF            (abs)        000000
__CFG_IESO$OFF             (abs)        000000
__CFG_LPT1OSC$OFF          (abs)        000000
__CFG_LVP$OFF              (abs)        000000
__CFG_MCLRE$ON             (abs)        000000
__CFG_PBADEN$ON            (abs)        000000
__CFG_PLLDIV$1             (abs)        000000
__CFG_PWRT$OFF             (abs)        000000
__CFG_STVREN$ON            (abs)        000000
__CFG_USBDIV$1             (abs)        000000
__CFG_VREGEN$OFF           (abs)        000000
__CFG_WDT$ON               (abs)        000000
__CFG_WDTPS$32768          (abs)        000000
__CFG_WRT0$OFF             (abs)        000000
__CFG_WRT1$OFF             (abs)        000000
__CFG_WRT2$OFF             (abs)        000000
__CFG_WRT3$OFF             (abs)        000000
__CFG_WRTB$OFF             (abs)        000000
__CFG_WRTC$OFF             (abs)        000000
__CFG_WRTD$OFF             (abs)        000000
__CFG_XINST$OFF            (abs)        000000
__HRAM                     (abs)        000000
__Habs1                    abs1         000000
__Hbank0                   bank0        000000
__Hbank1                   bank1        000000
__Hbank2                   bank2        000000
__Hbank3                   bank3        000000
__Hbank4                   bank4        000000
__Hbank5                   bank5        000000
__Hbank6                   bank6        000000
__Hbank7                   bank7        000000
__Hbigbss                  bigbss       000000
__Hbigdata                 bigdata      000000
__Hbigram                  bigram       000000
__Hbss                     bss          000000
__HbssBANK0                bssBANK0     000000
__HbssBANK1                bssBANK1     000000
__Hcinit                   cinit        000000
__Hclrtext                 clrtext      000000
__Hcomram                  comram       000000
__Hconfig                  config       30000E
__Hconst                   const        000000
__HcstackBANK0             cstackBANK0  000000
__HcstackCOMRAM            cstackCOMRAM 000000
__Hdata                    data         000000
__Heeprom_data             eeprom_data  000000
__Hfarbss                  farbss       000000
__Hfardata                 fardata      000000
__Hibigdata                ibigdata     000000
__Hidata                   idata        000000
__Hidloc                   idloc        200008
__Hifardata                ifardata     000000
__Hinit                    init         000004
__Hintcode                 intcode      000000
__Hintcode_body            intcode_body 000000
__Hintcodelo               intcodelo    000000
__Hintentry                intentry     000000
__Hintret                  intret       000000
__Hintsave_regs            intsave_regs 000000
__Hirdata                  irdata       000000
__Hmediumconst             mediumconst  000000
__HnvFARRAM                nvFARRAM     000000
__Hnvbit                   nvbit        000000
__Hnvrram                  nvrram       000000
__Hparam                   rparam       000000
__Hpowerup                 powerup      000000
__Hram                     ram          000000
__Hramtop                  ramtop       000800
__Hrbit                    rbit         000000
__Hrbss                    rbss         000000
__Hrdata                   rdata        000000
__Hreset_vec               reset_vec    000000
__Hrparam                  rparam       000000
__Hsfr                     sfr          000000
__Hsmallconst              smallconst   000848
__Hspace_0                 (abs)        30000E
__Hspace_1                 (abs)        000150
__Hspace_2                 (abs)        000000
__Hstack                   stack        000000
__Hstruct                  struct       000000
__Htemp                    temp         000000
__Htext                    text         000000
__Htext0                   text0        000000
__Htext1                   text1        000000
__Htext10                  text10       000000
__Htext11                  text11       000000
__Htext12                  text12       000000
__Htext13                  text13       000000
__Htext14                  text14       000000
__Htext15                  text15       000000
__Htext16                  text16       000000
__Htext17                  text17       000000
__Htext18                  text18       000000
__Htext19                  text19       000000
__Htext2                   text2        000000
__Htext20                  text20       000000
__Htext21                  text21       000000
__Htext22                  text22       000000
__Htext23                  text23       000000
__Htext24                  text24       000000
__Htext25                  text25       000000
__Htext26                  text26       000000
__Htext27                  text27       000000
__Htext28                  text28       000000
__Htext29                  text29       000000
__Htext3                   text3        000000
__Htext30                  text30       000000
__Htext31                  text31       000000
__Htext32                  text32       000000
__Htext33                  text33       000000
__Htext34                  text34       000000
__Htext35                  text35       000000
__Htext36                  text36       000000
__Htext37                  text37       000000
__Htext38                  text38       000000
__Htext39                  text39       000000
__Htext4                   text4        000000
__Htext5                   text5        000000
__Htext6                   text6        000000
__Htext7                   text7        000000
__Htext8                   text8        000000
__Htext9                   text9        000000
__LRAM                     (abs)        000001
__Labs1                    abs1         000000
__Lbank0                   bank0        000000
__Lbank1                   bank1        000000
__Lbank2                   bank2        000000
__Lbank3                   bank3        000000
__Lbank4                   bank4        000000
__Lbank5                   bank5        000000
__Lbank6                   bank6        000000
__Lbank7                   bank7        000000
__Lbigbss                  bigbss       000000
__Lbigdata                 bigdata      000000
__Lbigram                  bigram       000000
__Lbss                     bss          000000
__LbssBANK0                bssBANK0     000000
__LbssBANK1                bssBANK1     000000
__Lcinit                   cinit        000000
__Lclrtext                 clrtext      000000
__Lcomram                  comram       000000
__Lconfig                  config       300000
__Lconst                   const        000000
__LcstackBANK0             cstackBANK0  000000
__LcstackCOMRAM            cstackCOMRAM 000000
__Ldata                    data         000000
__Leeprom_data             eeprom_data  000000
__Lfarbss                  farbss       000000
__Lfardata                 fardata      000000
__Libigdata                ibigdata     000000
__Lidata                   idata        000000
__Lidloc                   idloc        200000
__Lifardata                ifardata     000000
__Linit                    init         000000
__Lintcode                 intcode      000000
__Lintcode_body            intcode_body 000000
__Lintcodelo               intcodelo    000000
__Lintentry                intentry     000000
__Lintret                  intret       000000
__Lintsave_regs            intsave_regs 000000
__Lirdata                  irdata       000000
__Lmediumconst             mediumconst  000000
__LnvFARRAM                nvFARRAM     000000
__Lnvbit                   nvbit        000000
__Lnvrram                  nvrram       000000
__Lparam                   rparam       000000
__Lpowerup                 powerup      000000
__Lram                     ram          000000
__Lramtop                  ramtop       000800
__Lrbit                    rbit         000000
__Lrbss                    rbss         000000
__Lrdata                   rdata        000000
__Lreset_vec               reset_vec    000000
__Lrparam                  rparam       000000
__Lsfr                     sfr          000000
__Lsmallconst              smallconst   000800
__Lspace_0                 (abs)        000000
__Lspace_1                 (abs)        000000
__Lspace_2                 (abs)        000000
__Lstack                   stack        000000
__Lstruct                  struct       000000
__Ltemp                    temp         000000
__Ltext                    text         000000
__Ltext0                   text0        000000
__Ltext1                   text1        000000
__Ltext10                  text10       000000
__Ltext11                  text11       000000
__Ltext12                  text12       000000
__Ltext13                  text13       000000
__Ltext14                  text14       000000
__Ltext15                  text15       000000
__Ltext16                  text16       000000
__Ltext17                  text17       000000
__Ltext18                  text18       000000
__Ltext19                  text19       000000
__Ltext2                   text2        000000
__Ltext20                  text20       000000
__Ltext21                  text21       000000
__Ltext22                  text22       000000
__Ltext23                  text23       000000
__Ltext24                  text24       000000
__Ltext25                  text25       000000
__Ltext26                  text26       000000
__Ltext27                  text27       000000
__Ltext28                  text28       000000
__Ltext29                  text29       000000
__Ltext3                   text3        000000
__Ltext30                  text30       000000
__Ltext31                  text31       000000
__Ltext32                  text32       000000
__Ltext33                  text33       000000
__Ltext34                  text34       000000
__Ltext35                  text35       000000
__Ltext36                  text36       000000
__Ltext37                  text37       000000
__Ltext38                  text38       000000
__Ltext39                  text39       000000
__Ltext4                   text4        000000
__Ltext5                   text5        000000
__Ltext6                   text6        000000
__Ltext7                   text7        000000
__Ltext8                   text8        000000
__Ltext9                   text9        000000
__S0                       (abs)        30000E
__S1                       (abs)        000150
__S2                       (abs)        000000
___awdiv                   text25       0028B0
___awdiv@counter           cstackCOMRAM 000005
___awdiv@dividend          cstackCOMRAM 000001
___awdiv@divisor           cstackCOMRAM 000003
___awdiv@quotient          cstackCOMRAM 000007
___awdiv@sign              cstackCOMRAM 000006
___awmod                   text24       002A1A
___awmod@counter           cstackCOMRAM 000005
___awmod@dividend          cstackCOMRAM 000001
___awmod@divisor           cstackCOMRAM 000003
___awmod@sign              cstackCOMRAM 000006
___fladd                   text18       0018C8
___fladd@a                 cstackCOMRAM 000005
___fladd@aexp              cstackCOMRAM 00000E
___fladd@b                 cstackCOMRAM 000001
___fladd@bexp              cstackCOMRAM 00000F
___fladd@grs               cstackCOMRAM 000010
___fladd@signs             cstackCOMRAM 00000D
___fldiv                   text23       001BD4
___fldiv@a                 cstackCOMRAM 00002C
___fldiv@aexp              cstackCOMRAM 000040
___fldiv@b                 cstackCOMRAM 000028
___fldiv@bexp              cstackCOMRAM 00003F
___fldiv@grs               cstackCOMRAM 00003B
___fldiv@new_exp           cstackCOMRAM 000039
___fldiv@rem               cstackCOMRAM 000034
___fldiv@sign              cstackCOMRAM 000038
___fleq                    text22       002826
___fleq@ff1                cstackCOMRAM 000001
___fleq@ff2                cstackCOMRAM 000005
___flge                    text21       0023F4
___flge@ff1                cstackCOMRAM 000028
___flge@ff2                cstackCOMRAM 00002C
___flmul                   text20       001576
___flmul@a                 cstackCOMRAM 000013
___flmul@aexp              cstackCOMRAM 000020
___flmul@b                 cstackCOMRAM 00000F
___flmul@bexp              cstackCOMRAM 000021
___flmul@grs               cstackCOMRAM 00001C
___flmul@prod              cstackCOMRAM 000022
___flmul@sign              cstackCOMRAM 00001B
___flmul@temp              cstackCOMRAM 000026
___flneg                   text19       002DA6
___flneg@f1                cstackCOMRAM 000001
___flsub                   text17       002C20
___flsub@a                 cstackCOMRAM 00002C
___flsub@b                 cstackCOMRAM 000028
___fltol                   text16       002590
___fltol@exp1              cstackCOMRAM 00000A
___fltol@f1                cstackCOMRAM 000001
___fltol@sign1             cstackCOMRAM 000009
___fpclassifyf             text15       0024C4
___fpclassifyf@F463        bssBANK0     0000CF
___fpclassifyf@e           cstackCOMRAM 000009
___fpclassifyf@u           cstackCOMRAM 00000B
___fpclassifyf@x           cstackCOMRAM 000001
___inthi_sp                stack        000000
___intlo_sp                stack        000000
___param_bank              (abs)        000000
___rparam_used             (abs)        000001
___sp                      stack        000000
___wmul                    text29       002E2A
___wmul@multiplicand       cstackCOMRAM 000003
___wmul@multiplier         cstackCOMRAM 000001
___wmul@product            cstackCOMRAM 000005
___xxtofl                  text30       0022B4
___xxtofl@arg              cstackCOMRAM 00000B
___xxtofl@exp              cstackCOMRAM 00000A
___xxtofl@sign             cstackCOMRAM 000009
___xxtofl@val              cstackCOMRAM 000001
__accesstop                (abs)        000060
__activetblptr             (abs)        000002
__end_of_ADCInit           text39       002E76
__end_of_ADC_Read          text38       002D46
__end_of_Lcd_Clear         text35       002EC6
__end_of_Lcd_Cmd           text36       002EB8
__end_of_Lcd_Init          text34       0029A8
__end_of_Lcd_Port          text37       002E00
__end_of_Lcd_Set_Cursor    text33       002BD4
__end_of_Lcd_Write_Char    text32       002D14
__end_of_Lcd_Write_String  text31       002A1A
__end_of___awdiv           text25       002934
__end_of___awmod           text24       002A8A
__end_of___fladd           text18       001BD4
__end_of___fldiv           text23       001E5C
__end_of___fleq            text22       0028B0
__end_of___flge            text21       0024C4
__end_of___flmul           text20       0018C8
__end_of___flneg           text19       002DD4
__end_of___flsub           text17       002C66
__end_of___fltol           text16       00264A
__end_of___fpclassifyf     text15       002590
__end_of___wmul            text29       002E50
__end_of___xxtofl          text30       0023F4
__end_of__initialization   cinit        002E8E
__end_of_atoi              text26       0022B4
__end_of_efgtoa            text5        0011C4
__end_of_floorf            text14       002012
__end_of_fputc             text12       00278C
__end_of_fputs             text11       002CDC
__end_of_isdigit           text28       002DA6
__end_of_isspace           text27       002CA4
__end_of_isupper           text7        002D76
__end_of_main              text0        002174
__end_of_pad               text9        002826
__end_of_putch             text13       002EC8
__end_of_sprintf           text1        002B32
__end_of_strcpy            text8        002B84
__end_of_strlen            text10       002E2A
__end_of_strncmp           text4        0026EC
__end_of_tolower           text6        002C20
__end_of_vfpfcnvrt         text3        001576
__end_of_vfprintf          text2        002AE0
__initialization           cinit        002E76
__mediumconst              mediumconst  000000
__pbssBANK0                bssBANK0     0000CB
__pbssBANK1                bssBANK1     000100
__pcinit                   cinit        002E76
__pcstackBANK0             cstackBANK0  000060
__pcstackCOMRAM            cstackCOMRAM 000001
__psmallconst              smallconst   000800
__ptext0                   text0        002012
__ptext1                   text1        002AE0
__ptext10                  text10       002E00
__ptext11                  text11       002CA4
__ptext12                  text12       0026EC
__ptext13                  text13       002EC6
__ptext14                  text14       001E5C
__ptext15                  text15       0024C4
__ptext16                  text16       002590
__ptext17                  text17       002C20
__ptext18                  text18       0018C8
__ptext19                  text19       002DA6
__ptext2                   text2        002A8A
__ptext20                  text20       001576
__ptext21                  text21       0023F4
__ptext22                  text22       002826
__ptext23                  text23       001BD4
__ptext24                  text24       002A1A
__ptext25                  text25       0028B0
__ptext26                  text26       002174
__ptext27                  text27       002C66
__ptext28                  text28       002D76
__ptext29                  text29       002E2A
__ptext3                   text3        0011C4
__ptext30                  text30       0022B4
__ptext31                  text31       0029A8
__ptext32                  text32       002CDC
__ptext33                  text33       002B84
__ptext34                  text34       002934
__ptext35                  text35       002EB8
__ptext36                  text36       002E98
__ptext37                  text37       002DD4
__ptext38                  text38       002D14
__ptext39                  text39       002E50
__ptext4                   text4        00264A
__ptext5                   text5        000848
__ptext6                   text6        002BD4
__ptext7                   text7        002D46
__ptext8                   text8        002B32
__ptext9                   text9        00278C
__ramtop                   ramtop       000800
__size_of_ADCInit          (abs)        000000
__size_of_ADC_Read         (abs)        000000
__size_of_Lcd_Clear        (abs)        000000
__size_of_Lcd_Cmd          (abs)        000000
__size_of_Lcd_Init         (abs)        000000
__size_of_Lcd_Port         (abs)        000000
__size_of_Lcd_Set_Cursor   (abs)        000000
__size_of_Lcd_Write_Char   (abs)        000000
__size_of_Lcd_Write_String (abs)        000000
__size_of___awdiv          (abs)        000000
__size_of___awmod          (abs)        000000
__size_of___fladd          (abs)        000000
__size_of___fldiv          (abs)        000000
__size_of___fleq           (abs)        000000
__size_of___flge           (abs)        000000
__size_of___flmul          (abs)        000000
__size_of___flneg          (abs)        000000
__size_of___flsub          (abs)        000000
__size_of___fltol          (abs)        000000
__size_of___fpclassifyf    (abs)        000000
__size_of___wmul           (abs)        000000
__size_of___xxtofl         (abs)        000000
__size_of_atoi             (abs)        000000
__size_of_efgtoa           (abs)        000000
__size_of_floorf           (abs)        000000
__size_of_fputc            (abs)        000000
__size_of_fputs            (abs)        000000
__size_of_isdigit          (abs)        000000
__size_of_isspace          (abs)        000000
__size_of_isupper          (abs)        000000
__size_of_main             (abs)        000000
__size_of_pad              (abs)        000000
__size_of_putch            (abs)        000000
__size_of_sprintf          (abs)        000000
__size_of_strcpy           (abs)        000000
__size_of_strlen           (abs)        000000
__size_of_strncmp          (abs)        000000
__size_of_tolower          (abs)        000000
__size_of_vfpfcnvrt        (abs)        000000
__size_of_vfprintf         (abs)        000000
__smallconst               smallconst   000800
_atoi                      text26       002174
_atoi$893                  cstackCOMRAM 000010
_atoi$894                  cstackCOMRAM 000014
_atoi$895                  cstackCOMRAM 000012
_datos                     bssBANK0     0000E1
_dbuf                      bssBANK1     000100
_efgtoa                    text5        000848
_efgtoa$392                cstackBANK0  000069
_efgtoa$393                cstackBANK0  00006B
_efgtoa$398                cstackBANK0  00006D
_efgtoa$402                cstackBANK0  00006F
_efgtoa$403                cstackBANK0  000071
_efgtoa$404                cstackBANK0  000073
_flags                     bssBANK0     0000DD
_floorf                    text14       001E5C
_fputc                     text12       0026EC
_fputs                     text11       002CA4
_isdigit                   text28       002D76
_isspace                   text27       002C66
_isspace$924               cstackCOMRAM 000007
_isupper                   text7        002D46
_main                      text0        002012
_nout                      bssBANK0     0000D7
_pad                       text9        00278C
_prec                      bssBANK0     0000DB
_putch                     text13       002EC6
_sprintf                   text1        002AE0
_strcpy                    text8        002B32
_strlen                    text10       002E00
_strncmp                   text4        00264A
_tolower                   text6        002BD4
_tolower$1009              cstackCOMRAM 00000D
_vfpfcnvrt                 text3        0011C4
_vfpfcnvrt$418             cstackBANK0  0000A3
_vfpfcnvrt$422             cstackBANK0  0000A5
_vfprintf                  text2        002A8A
_voltage                   bssBANK0     0000D3
_width                     bssBANK0     0000D9
atoi@n                     cstackCOMRAM 000015
atoi@neg                   cstackCOMRAM 00000E
atoi@s                     cstackCOMRAM 000008
efgtoa@c                   cstackCOMRAM 00005B
efgtoa@d                   cstackBANK0  00007D
efgtoa@e                   cstackBANK0  000095
efgtoa@f                   cstackCOMRAM 000057
efgtoa@fp                  cstackCOMRAM 000055
efgtoa@g                   cstackBANK0  000091
efgtoa@h                   cstackBANK0  000087
efgtoa@i                   cstackBANK0  00008F
efgtoa@l                   cstackBANK0  00008B
efgtoa@m                   cstackBANK0  000079
efgtoa@mode                cstackBANK0  000086
efgtoa@n                   cstackBANK0  000097
efgtoa@ne                  cstackBANK0  00007B
efgtoa@nmode               cstackBANK0  000083
efgtoa@ou                  cstackBANK0  000065
efgtoa@p                   cstackBANK0  000081
efgtoa@pp                  cstackBANK0  000077
efgtoa@sign                cstackBANK0  00007F
efgtoa@t                   cstackBANK0  000075
efgtoa@u                   cstackBANK0  000099
efgtoa@w                   cstackBANK0  000084
end_of_initialization      cinit        002E8E
floorf@F524                bssBANK0     0000CB
floorf@e                   cstackCOMRAM 00004F
floorf@m                   cstackCOMRAM 00004B
floorf@u                   cstackCOMRAM 000051
floorf@x                   cstackCOMRAM 000041
fputc@c                    cstackCOMRAM 000001
fputc@fp                   cstackCOMRAM 000003
fputs@c                    cstackCOMRAM 00000E
fputs@fp                   cstackCOMRAM 00000C
fputs@i                    cstackCOMRAM 00000F
fputs@s                    cstackCOMRAM 00000A
intlevel0                  text         000000
intlevel1                  text         000000
intlevel2                  text         000000
intlevel3                  text         000000
isdigit@c                  cstackCOMRAM 000001
isspace@c                  cstackCOMRAM 000001
isupper@c                  cstackCOMRAM 000001
pad@buf                    cstackCOMRAM 000013
pad@fp                     cstackCOMRAM 000011
pad@i                      cstackCOMRAM 000018
pad@p                      cstackCOMRAM 000015
pad@w                      cstackCOMRAM 00001A
sprintf@ap                 cstackBANK0  0000C1
sprintf@f                  cstackBANK0  0000C3
sprintf@fmt                cstackBANK0  0000B9
sprintf@s                  cstackBANK0  0000B7
stackhi                    (abs)        0007FF
stacklo                    (abs)        000150
start                      init         000000
start_initialization       cinit        002E76
strcpy@d                   cstackCOMRAM 000009
strcpy@dest                cstackCOMRAM 000001
strcpy@s                   cstackCOMRAM 000007
strcpy@src                 cstackCOMRAM 000003
strlen@a                   cstackCOMRAM 000003
strlen@s                   cstackCOMRAM 000001
strncmp@_l                 cstackCOMRAM 000001
strncmp@_r                 cstackCOMRAM 000003
strncmp@l                  cstackCOMRAM 000008
strncmp@n                  cstackCOMRAM 000005
strncmp@r                  cstackCOMRAM 00000A
tolower@c                  cstackCOMRAM 000007
vfpfcnvrt@ap               cstackBANK0  0000A1
vfpfcnvrt@c                cstackBANK0  0000AE
vfpfcnvrt@ct               cstackBANK0  0000AB
vfpfcnvrt@f                cstackBANK0  0000A7
vfpfcnvrt@fmt              cstackBANK0  00009F
vfpfcnvrt@fp               cstackBANK0  00009D
vfprintf@ap                cstackBANK0  0000B3
vfprintf@cfmt              cstackBANK0  0000B5
vfprintf@fmt               cstackBANK0  0000B1
vfprintf@fp                cstackBANK0  0000AF


FUNCTION INFORMATION:

 *************** function _main *****************
 Defined at:
		line 22 in file "main.c"
 Parameters:    Size  Location     Type
		None
 Auto vars:     Size  Location     Type
		None
 Return value:  Size  Location     Type
                  1    wreg      void 
 Registers used:
		wreg, fsr1l, fsr1h, fsr2l, fsr2h, status,2, status,0, tblptrl, tblptrh, tblptru, prodl, prodh, cstack
 Tracked objects:
		On entry : 
		On exit  : 
		Unchanged: 
 Data sizes:     COMRAM   BANK0   BANK1   BANK2   BANK3   BANK4   BANK5   BANK6   BANK7
      Params:         0       0       0       0       0       0       0       0       0
      Locals:         0       0       0       0       0       0       0       0       0
      Temps:          0       2       0       0       0       0       0       0       0
      Totals:         0       2       0       0       0       0       0       0       0
Total ram usage:        2 bytes
 Hardware stack levels required when called:    8
 This function calls:
		_ADCInit
		_ADC_Read
		_Lcd_Clear
		_Lcd_Init
		_Lcd_Set_Cursor
		_Lcd_Write_String
		___fldiv
		___flmul
		___xxtofl
		_sprintf
 This function is called by:
		Startup code after reset
 This function uses a non-reentrant model


 *************** function _sprintf *****************
 Defined at:
		line 9 in file "/opt/microchip/xc8/v2.05/pic/sources/c99/common/nf_sprintf.c"
 Parameters:    Size  Location     Type
  s               2   87[BANK0 ] PTR unsigned char 
		 -> datos(20), 
  fmt             2   89[BANK0 ] PTR const unsigned char 
		 -> STR_4(5), 
 Auto vars:     Size  Location     Type
  f               6   99[BANK0 ] struct _IO_FILE
  ap              2   97[BANK0 ] PTR void [1]
		 -> ?_sprintf(2), 
  ret             2    0        int 
 Return value:  Size  Location     Type
                  2   87[BANK0 ] int 
 Registers used:
		wreg, fsr1l, fsr1h, fsr2l, fsr2h, status,2, status,0, tblptrl, tblptrh, tblptru, prodl, prodh, cstack
 Tracked objects:
		On entry : 
		On exit  : 
		Unchanged: 
 Data sizes:     COMRAM   BANK0   BANK1   BANK2   BANK3   BANK4   BANK5   BANK6   BANK7
      Params:         0       8       0       0       0       0       0       0       0
      Locals:         0      10       0       0       0       0       0       0       0
      Temps:          0       0       0       0       0       0       0       0       0
      Totals:         0      18       0       0       0       0       0       0       0
Total ram usage:       18 bytes
 Hardware stack levels used:    1
 Hardware stack levels required when called:    7
 This function calls:
		_vfprintf
 This function is called by:
		_main
 This function uses a non-reentrant model


 *************** function _vfprintf *****************
 Defined at:
		line 1368 in file "/opt/microchip/xc8/v2.05/pic/sources/c99/common/doprnt.c"
 Parameters:    Size  Location     Type
  fp              2   79[BANK0 ] PTR struct _IO_FILE
		 -> sprintf@f(6), 
  fmt             2   81[BANK0 ] PTR const unsigned char 
		 -> STR_4(5), 
  ap              2   83[BANK0 ] PTR PTR void 
		 -> sprintf@ap(2), 
 Auto vars:     Size  Location     Type
  cfmt            2   85[BANK0 ] PTR unsigned char 
		 -> STR_4(5), 
 Return value:  Size  Location     Type
                  2   79[BANK0 ] int 
 Registers used:
		wreg, fsr1l, fsr1h, fsr2l, fsr2h, status,2, status,0, tblptrl, tblptrh, tblptru, prodl, prodh, cstack
 Tracked objects:
		On entry : 
		On exit  : 
		Unchanged: 
 Data sizes:     COMRAM   BANK0   BANK1   BANK2   BANK3   BANK4   BANK5   BANK6   BANK7
      Params:         0       6       0       0       0       0       0       0       0
      Locals:         0       2       0       0       0       0       0       0       0
      Temps:          0       0       0       0       0       0       0       0       0
      Totals:         0       8       0       0       0       0       0       0       0
Total ram usage:        8 bytes
 Hardware stack levels used:    1
 Hardware stack levels required when called:    6
 This function calls:
		_vfpfcnvrt
 This function is called by:
		_sprintf
 This function uses a non-reentrant model


 *************** function _vfpfcnvrt *****************
 Defined at:
		line 670 in file "/opt/microchip/xc8/v2.05/pic/sources/c99/common/doprnt.c"
 Parameters:    Size  Location     Type
  fp              2   61[BANK0 ] PTR struct _IO_FILE
		 -> sprintf@f(6), 
  fmt             2   63[BANK0 ] PTR PTR unsigned char 
		 -> vfprintf@cfmt(2), 
  ap              2   65[BANK0 ] PTR PTR void 
		 -> sprintf@ap(2), 
 Auto vars:     Size  Location     Type
  llu             8    0        unsigned long long 
  ll              8    0        long long 
  f               4   71[BANK0 ] long long 
  ct              3   75[BANK0 ] unsigned char [3]
  vp              3    0        PTR void 
  cp              3    0        PTR unsigned char 
  i               2    0        int 
  done            2    0        int 
  c               1   78[BANK0 ] unsigned char 
 Return value:  Size  Location     Type
                  2   61[BANK0 ] int 
 Registers used:
		wreg, fsr1l, fsr1h, fsr2l, fsr2h, status,2, status,0, tblptrl, tblptrh, tblptru, prodl, prodh, cstack
 Tracked objects:
		On entry : 
		On exit  : 
		Unchanged: 
 Data sizes:     COMRAM   BANK0   BANK1   BANK2   BANK3   BANK4   BANK5   BANK6   BANK7
      Params:         0       6       0       0       0       0       0       0       0
      Locals:         0      12       0       0       0       0       0       0       0
      Temps:          4       0       0       0       0       0       0       0       0
      Totals:         4      18       0       0       0       0       0       0       0
Total ram usage:       22 bytes
 Hardware stack levels used:    1
 Hardware stack levels required when called:    5
 This function calls:
		_atoi
		_efgtoa
		_fputc
		_isdigit
		_isupper
		_strncmp
		_tolower
 This function is called by:
		_vfprintf
 This function uses a non-reentrant model


 *************** function _strncmp *****************
 Defined at:
		line 3 in file "/opt/microchip/xc8/v2.05/pic/sources/c99/common/strncmp.c"
 Parameters:    Size  Location     Type
  _l              2    0[COMRAM] PTR const unsigned char 
		 -> vfpfcnvrt@ct(3), 
  _r              2    2[COMRAM] PTR const unsigned char 
		 -> STR_15(3), 
  n               2    4[COMRAM] unsigned int 
 Auto vars:     Size  Location     Type
  r               2    9[COMRAM] PTR const unsigned char 
		 -> STR_15(3), 
  l               2    7[COMRAM] PTR const unsigned char 
		 -> vfpfcnvrt@ct(3), 
 Return value:  Size  Location     Type
                  2    0[COMRAM] int 
 Registers used:
		wreg, fsr2l, fsr2h, status,2, status,0, tblptrl, tblptrh, tblptru
 Tracked objects:
		On entry : 
		On exit  : 
		Unchanged: 
 Data sizes:     COMRAM   BANK0   BANK1   BANK2   BANK3   BANK4   BANK5   BANK6   BANK7
      Params:         6       0       0       0       0       0       0       0       0
      Locals:         4       0       0       0       0       0       0       0       0
      Temps:          1       0       0       0       0       0       0       0       0
      Totals:        11       0       0       0       0       0       0       0       0
Total ram usage:       11 bytes
 Hardware stack levels used:    1
 This function calls:
		Nothing
 This function is called by:
		_vfpfcnvrt
 This function uses a non-reentrant model


 *************** function _efgtoa *****************
 Defined at:
		line 319 in file "/opt/microchip/xc8/v2.05/pic/sources/c99/common/doprnt.c"
 Parameters:    Size  Location     Type
  fp              2   84[COMRAM] PTR struct _IO_FILE
		 -> sprintf@f(6), 
  f               4   86[COMRAM] PTR struct _IO_FILE
  c               1   90[COMRAM] unsigned char 
 Auto vars:     Size  Location     Type
  u               4   57[BANK0 ] unsigned char 
  g               4   49[BANK0 ] unsigned char 
  l               4   43[BANK0 ] unsigned char 
  h               4   39[BANK0 ] unsigned char 
  ou              4    5[BANK0 ] unsigned char 
  n               2   55[BANK0 ] int 
  e               2   53[BANK0 ] int 
  i               2   47[BANK0 ] int 
  w               2   36[BANK0 ] int 
  p               2   33[BANK0 ] int 
  sign            2   31[BANK0 ] int 
  d               2   29[BANK0 ] int 
  ne              2   27[BANK0 ] int 
  m               2   25[BANK0 ] int 
  pp              2   23[BANK0 ] int 
  t               2   21[BANK0 ] int 
  mode            1   38[BANK0 ] unsigned char 
  nmode           1   35[BANK0 ] unsigned char 
 Return value:  Size  Location     Type
                  2   84[COMRAM] int 
 Registers used:
		wreg, fsr1l, fsr1h, fsr2l, fsr2h, status,2, status,0, tblptrl, tblptrh, tblptru, prodl, prodh, cstack
 Tracked objects:
		On entry : 
		On exit  : 
		Unchanged: 
 Data sizes:     COMRAM   BANK0   BANK1   BANK2   BANK3   BANK4   BANK5   BANK6   BANK7
      Params:         7       0       0       0       0       0       0       0       0
      Locals:         0      56       0       0       0       0       0       0       0
      Temps:          0       5       0       0       0       0       0       0       0
      Totals:         7      61       0       0       0       0       0       0       0
Total ram usage:       68 bytes
 Hardware stack levels used:    1
 Hardware stack levels required when called:    4
 This function calls:
		___awdiv
		___awmod
		___fladd
		___fldiv
		___fleq
		___flge
		___flmul
		___flneg
		___flsub
		___fltol
		___fpclassifyf
		_floorf
		_isupper
		_pad
		_strcpy
		_tolower
 This function is called by:
		_vfpfcnvrt
 This function uses a non-reentrant model


 *************** function _tolower *****************
 Defined at:
		line 4 in file "/opt/microchip/xc8/v2.05/pic/sources/c99/common/tolower.c"
 Parameters:    Size  Location     Type
  c               2    6[COMRAM] int 
 Auto vars:     Size  Location     Type
		None
 Return value:  Size  Location     Type
                  2    6[COMRAM] int 
 Registers used:
		wreg, status,2, status,0
 Tracked objects:
		On entry : 
		On exit  : 
		Unchanged: 
 Data sizes:     COMRAM   BANK0   BANK1   BANK2   BANK3   BANK4   BANK5   BANK6   BANK7
      Params:         2       0       0       0       0       0       0       0       0
      Locals:         2       0       0       0       0       0       0       0       0
      Temps:          4       0       0       0       0       0       0       0       0
      Totals:         8       0       0       0       0       0       0       0       0
Total ram usage:        8 bytes
 Hardware stack levels used:    1
 Hardware stack levels required when called:    1
 This function calls:
		_isupper
 This function is called by:
		_efgtoa
		_vfpfcnvrt
 This function uses a non-reentrant model


 *************** function _isupper *****************
 Defined at:
		line 5 in file "/opt/microchip/xc8/v2.05/pic/sources/c99/common/isupper.c"
 Parameters:    Size  Location     Type
  c               2    0[COMRAM] int 
 Auto vars:     Size  Location     Type
		None
 Return value:  Size  Location     Type
                  2    0[COMRAM] int 
 Registers used:
		wreg, status,2, status,0
 Tracked objects:
		On entry : 
		On exit  : 
		Unchanged: 
 Data sizes:     COMRAM   BANK0   BANK1   BANK2   BANK3   BANK4   BANK5   BANK6   BANK7
      Params:         2       0       0       0       0       0       0       0       0
      Locals:         0       0       0       0       0       0       0       0       0
      Temps:          4       0       0       0       0       0       0       0       0
      Totals:         6       0       0       0       0       0       0       0       0
Total ram usage:        6 bytes
 Hardware stack levels used:    1
 This function calls:
		Nothing
 This function is called by:
		_efgtoa
		_vfpfcnvrt
		_tolower
 This function uses a non-reentrant model


 *************** function _strcpy *****************
 Defined at:
		line 7 in file "/opt/microchip/xc8/v2.05/pic/sources/c99/common/strcpy.c"
 Parameters:    Size  Location     Type
  dest            2    0[COMRAM] PTR unsigned char 
		 -> dbuf(80), 
  src             2    2[COMRAM] PTR const unsigned char 
		 -> STR_10(4), STR_9(4), STR_6(4), STR_5(4), 
		 -> dbuf(80), 
 Auto vars:     Size  Location     Type
  d               2    8[COMRAM] PTR unsigned char 
		 -> dbuf(80), 
  s               2    6[COMRAM] PTR const unsigned char 
		 -> STR_10(4), STR_9(4), STR_6(4), STR_5(4), 
		 -> dbuf(80), 
 Return value:  Size  Location     Type
                  2    0[COMRAM] PTR unsigned char 
 Registers used:
		wreg, fsr1l, fsr1h, fsr2l, fsr2h, status,2, status,0, tblptrl, tblptrh, tblptru
 Tracked objects:
		On entry : 
		On exit  : 
		Unchanged: 
 Data sizes:     COMRAM   BANK0   BANK1   BANK2   BANK3   BANK4   BANK5   BANK6   BANK7
      Params:         4       0       0       0       0       0       0       0       0
      Locals:         4       0       0       0       0       0       0       0       0
      Temps:          2       0       0       0       0       0       0       0       0
      Totals:        10       0       0       0       0       0       0       0       0
Total ram usage:       10 bytes
 Hardware stack levels used:    1
 This function calls:
		Nothing
 This function is called by:
		_efgtoa
 This function uses a non-reentrant model


 *************** function _pad *****************
 Defined at:
		line 72 in file "/opt/microchip/xc8/v2.05/pic/sources/c99/common/doprnt.c"
 Parameters:    Size  Location     Type
  fp              2   16[COMRAM] PTR struct _IO_FILE
		 -> sprintf@f(6), 
  buf             2   18[COMRAM] PTR unsigned char 
		 -> dbuf(80), 
  p               2   20[COMRAM] int 
 Auto vars:     Size  Location     Type
  w               2   25[COMRAM] int 
  i               2   23[COMRAM] int 
 Return value:  Size  Location     Type
                  2   16[COMRAM] int 
 Registers used:
		wreg, fsr1l, fsr1h, fsr2l, fsr2h, status,2, status,0, cstack
 Tracked objects:
		On entry : 
		On exit  : 
		Unchanged: 
 Data sizes:     COMRAM   BANK0   BANK1   BANK2   BANK3   BANK4   BANK5   BANK6   BANK7
      Params:         6       0       0       0       0       0       0       0       0
      Locals:         4       0       0       0       0       0       0       0       0
      Temps:          1       0       0       0       0       0       0       0       0
      Totals:        11       0       0       0       0       0       0       0       0
Total ram usage:       11 bytes
 Hardware stack levels used:    1
 Hardware stack levels required when called:    3
 This function calls:
		_fputc
		_fputs
		_strlen
 This function is called by:
		_efgtoa
 This function uses a non-reentrant model


 *************** function _strlen *****************
 Defined at:
		line 12 in file "/opt/microchip/xc8/v2.05/pic/sources/c99/common/strlen.c"
 Parameters:    Size  Location     Type
  s               2    0[COMRAM] PTR const unsigned char 
		 -> dbuf(80), 
 Auto vars:     Size  Location     Type
  a               2    2[COMRAM] PTR const unsigned char 
		 -> dbuf(80), 
 Return value:  Size  Location     Type
                  2    0[COMRAM] unsigned int 
 Registers used:
		wreg, fsr2l, fsr2h, status,2, status,0
 Tracked objects:
		On entry : 
		On exit  : 
		Unchanged: 
 Data sizes:     COMRAM   BANK0   BANK1   BANK2   BANK3   BANK4   BANK5   BANK6   BANK7
      Params:         2       0       0       0       0       0       0       0       0
      Locals:         2       0       0       0       0       0       0       0       0
      Temps:          0       0       0       0       0       0       0       0       0
      Totals:         4       0       0       0       0       0       0       0       0
Total ram usage:        4 bytes
 Hardware stack levels used:    1
 This function calls:
		Nothing
 This function is called by:
		_pad
 This function uses a non-reentrant model


 *************** function _fputs *****************
 Defined at:
		line 8 in file "/opt/microchip/xc8/v2.05/pic/sources/c99/common/nf_fputs.c"
 Parameters:    Size  Location     Type
  s               2    9[COMRAM] PTR const unsigned char 
		 -> dbuf(80), 
  fp              2   11[COMRAM] PTR struct _IO_FILE
		 -> sprintf@f(6), 
 Auto vars:     Size  Location     Type
  i               2   14[COMRAM] int 
  c               1   13[COMRAM] unsigned char 
 Return value:  Size  Location     Type
                  2    9[COMRAM] int 
 Registers used:
		wreg, fsr1l, fsr1h, fsr2l, fsr2h, status,2, status,0, cstack
 Tracked objects:
		On entry : 
		On exit  : 
		Unchanged: 
 Data sizes:     COMRAM   BANK0   BANK1   BANK2   BANK3   BANK4   BANK5   BANK6   BANK7
      Params:         4       0       0       0       0       0       0       0       0
      Locals:         3       0       0       0       0       0       0       0       0
      Temps:          0       0       0       0       0       0       0       0       0
      Totals:         7       0       0       0       0       0       0       0       0
Total ram usage:        7 bytes
 Hardware stack levels used:    1
 Hardware stack levels required when called:    2
 This function calls:
		_fputc
 This function is called by:
		_pad
 This function uses a non-reentrant model


 *************** function _fputc *****************
 Defined at:
		line 8 in file "/opt/microchip/xc8/v2.05/pic/sources/c99/common/nf_fputc.c"
 Parameters:    Size  Location     Type
  c               2    0[COMRAM] int 
  fp              2    2[COMRAM] PTR struct _IO_FILE
		 -> sprintf@f(6), 
 Auto vars:     Size  Location     Type
		None
 Return value:  Size  Location     Type
                  2    0[COMRAM] int 
 Registers used:
		wreg, fsr1l, fsr1h, fsr2l, fsr2h, status,2, status,0, cstack
 Tracked objects:
		On entry : 
		On exit  : 
		Unchanged: 
 Data sizes:     COMRAM   BANK0   BANK1   BANK2   BANK3   BANK4   BANK5   BANK6   BANK7
      Params:         4       0       0       0       0       0       0       0       0
      Locals:         0       0       0       0       0       0       0       0       0
      Temps:          5       0       0       0       0       0       0       0       0
      Totals:         9       0       0       0       0       0       0       0       0
Total ram usage:        9 bytes
 Hardware stack levels used:    1
 Hardware stack levels required when called:    1
 This function calls:
		_putch
 This function is called by:
		_pad
		_vfpfcnvrt
		_fputs
 This function uses a non-reentrant model


 *************** function _putch *****************
 Defined at:
		line 7 in file "/opt/microchip/xc8/v2.05/pic/sources/c99/common/putch.c"
 Parameters:    Size  Location     Type
  c               1    wreg     unsigned char 
 Auto vars:     Size  Location     Type
  c               1    0[COMRAM] unsigned char 
 Return value:  Size  Location     Type
                  1    wreg      void 
 Registers used:
		wreg
 Tracked objects:
		On entry : 
		On exit  : 
		Unchanged: 
 Data sizes:     COMRAM   BANK0   BANK1   BANK2   BANK3   BANK4   BANK5   BANK6   BANK7
      Params:         0       0       0       0       0       0       0       0       0
      Locals:         0       0       0       0       0       0       0       0       0
      Temps:          0       0       0       0       0       0       0       0       0
      Totals:         0       0       0       0       0       0       0       0       0
Total ram usage:        0 bytes
 Hardware stack levels used:    1
 This function calls:
		Nothing
 This function is called by:
		_fputc
 This function uses a non-reentrant model


 *************** function _floorf *****************
 Defined at:
		line 3 in file "/opt/microchip/xc8/v2.05/pic/sources/c99/common/floorf.c"
 Parameters:    Size  Location     Type
  x               4   64[COMRAM] float 
 Auto vars:     Size  Location     Type
  u               4   80[COMRAM] struct .
  m               4   74[COMRAM] unsigned long 
  e               2   78[COMRAM] int 
 Return value:  Size  Location     Type
                  4   64[COMRAM] float 
 Registers used:
		wreg, status,2, status,0
 Tracked objects:
		On entry : 
		On exit  : 
		Unchanged: 
 Data sizes:     COMRAM   BANK0   BANK1   BANK2   BANK3   BANK4   BANK5   BANK6   BANK7
      Params:         4       0       0       0       0       0       0       0       0
      Locals:        10       0       0       0       0       0       0       0       0
      Temps:          6       0       0       0       0       0       0       0       0
      Totals:        20       0       0       0       0       0       0       0       0
Total ram usage:       20 bytes
 Hardware stack levels used:    1
 This function calls:
		Nothing
 This function is called by:
		_efgtoa
 This function uses a non-reentrant model


 *************** function ___fpclassifyf *****************
 Defined at:
		line 4 in file "/opt/microchip/xc8/v2.05/pic/sources/c99/common/__fpclassifyf.c"
 Parameters:    Size  Location     Type
  x               4    0[COMRAM] float 
 Auto vars:     Size  Location     Type
  u               4   10[COMRAM] struct .
  e               2    8[COMRAM] int 
 Return value:  Size  Location     Type
                  2    0[COMRAM] int 
 Registers used:
		wreg, status,2, status,0
 Tracked objects:
		On entry : 
		On exit  : 
		Unchanged: 
 Data sizes:     COMRAM   BANK0   BANK1   BANK2   BANK3   BANK4   BANK5   BANK6   BANK7
      Params:         4       0       0       0       0       0       0       0       0
      Locals:         6       0       0       0       0       0       0       0       0
      Temps:          4       0       0       0       0       0       0       0       0
      Totals:        14       0       0       0       0       0       0       0       0
Total ram usage:       14 bytes
 Hardware stack levels used:    1
 This function calls:
		Nothing
 This function is called by:
		_efgtoa
 This function uses a non-reentrant model


 *************** function ___fltol *****************
 Defined at:
		line 43 in file "/opt/microchip/xc8/v2.05/pic/sources/c99/common/fltol.c"
 Parameters:    Size  Location     Type
  f1              4    0[COMRAM] int 
 Auto vars:     Size  Location     Type
  exp1            1    9[COMRAM] unsigned char 
  sign1           1    8[COMRAM] unsigned char 
 Return value:  Size  Location     Type
                  4    0[COMRAM] long 
 Registers used:
		wreg, status,2, status,0
 Tracked objects:
		On entry : 
		On exit  : 
		Unchanged: 
 Data sizes:     COMRAM   BANK0   BANK1   BANK2   BANK3   BANK4   BANK5   BANK6   BANK7
      Params:         4       0       0       0       0       0       0       0       0
      Locals:         2       0       0       0       0       0       0       0       0
      Temps:          4       0       0       0       0       0       0       0       0
      Totals:        10       0       0       0       0       0       0       0       0
Total ram usage:       10 bytes
 Hardware stack levels used:    1
 This function calls:
		Nothing
 This function is called by:
		_efgtoa
 This function uses a non-reentrant model


 *************** function ___flsub *****************
 Defined at:
		line 245 in file "/opt/microchip/xc8/v2.05/pic/sources/c99/common/sprcadd.c"
 Parameters:    Size  Location     Type
  b               4   39[COMRAM] long 
  a               4   43[COMRAM] long 
 Auto vars:     Size  Location     Type
		None
 Return value:  Size  Location     Type
                  4   39[COMRAM] long 
 Registers used:
		wreg, status,2, status,0, cstack
 Tracked objects:
		On entry : 
		On exit  : 
		Unchanged: 
 Data sizes:     COMRAM   BANK0   BANK1   BANK2   BANK3   BANK4   BANK5   BANK6   BANK7
      Params:         8       0       0       0       0       0       0       0       0
      Locals:         0       0       0       0       0       0       0       0       0
      Temps:          0       0       0       0       0       0       0       0       0
      Totals:         8       0       0       0       0       0       0       0       0
Total ram usage:        8 bytes
 Hardware stack levels used:    1
 Hardware stack levels required when called:    1
 This function calls:
		___fladd
 This function is called by:
		_efgtoa
 This function uses a non-reentrant model


 *************** function ___fladd *****************
 Defined at:
		line 10 in file "/opt/microchip/xc8/v2.05/pic/sources/c99/common/sprcadd.c"
 Parameters:    Size  Location     Type
  b               4    0[COMRAM] long 
  a               4    4[COMRAM] long 
 Auto vars:     Size  Location     Type
  grs             1   15[COMRAM] unsigned char 
  bexp            1   14[COMRAM] unsigned char 
  aexp            1   13[COMRAM] unsigned char 
  signs           1   12[COMRAM] unsigned char 
 Return value:  Size  Location     Type
                  4    0[COMRAM] unsigned char 
 Registers used:
		wreg, status,2, status,0
 Tracked objects:
		On entry : 
		On exit  : 
		Unchanged: 
 Data sizes:     COMRAM   BANK0   BANK1   BANK2   BANK3   BANK4   BANK5   BANK6   BANK7
      Params:         8       0       0       0       0       0       0       0       0
      Locals:         4       0       0       0       0       0       0       0       0
      Temps:          4       0       0       0       0       0       0       0       0
      Totals:        16       0       0       0       0       0       0       0       0
Total ram usage:       16 bytes
 Hardware stack levels used:    1
 This function calls:
		Nothing
 This function is called by:
		_efgtoa
		___flsub
 This function uses a non-reentrant model


 *************** function ___flneg *****************
 Defined at:
		line 15 in file "/opt/microchip/xc8/v2.05/pic/sources/c99/common/flneg.c"
 Parameters:    Size  Location     Type
  f1              4    0[COMRAM] unsigned char 
 Auto vars:     Size  Location     Type
		None
 Return value:  Size  Location     Type
                  4    0[COMRAM] unsigned char 
 Registers used:
		wreg, status,2, status,0
 Tracked objects:
		On entry : 
		On exit  : 
		Unchanged: 
 Data sizes:     COMRAM   BANK0   BANK1   BANK2   BANK3   BANK4   BANK5   BANK6   BANK7
      Params:         4       0       0       0       0       0       0       0       0
      Locals:         0       0       0       0       0       0       0       0       0
      Temps:          0       0       0       0       0       0       0       0       0
      Totals:         4       0       0       0       0       0       0       0       0
Total ram usage:        4 bytes
 Hardware stack levels used:    1
 This function calls:
		Nothing
 This function is called by:
		_efgtoa
 This function uses a non-reentrant model


 *************** function ___flmul *****************
 Defined at:
		line 8 in file "/opt/microchip/xc8/v2.05/pic/sources/c99/common/sprcmul.c"
 Parameters:    Size  Location     Type
  b               4   14[COMRAM] unsigned char 
  a               4   18[COMRAM] unsigned char 
 Auto vars:     Size  Location     Type
  prod            4   33[COMRAM] struct .
  grs             4   27[COMRAM] unsigned long 
  temp            2   37[COMRAM] struct .
  bexp            1   32[COMRAM] unsigned char 
  aexp            1   31[COMRAM] unsigned char 
  sign            1   26[COMRAM] unsigned char 
 Return value:  Size  Location     Type
                  4   14[COMRAM] unsigned char 
 Registers used:
		wreg, status,2, status,0, prodl, prodh
 Tracked objects:
		On entry : 
		On exit  : 
		Unchanged: 
 Data sizes:     COMRAM   BANK0   BANK1   BANK2   BANK3   BANK4   BANK5   BANK6   BANK7
      Params:         8       0       0       0       0       0       0       0       0
      Locals:        13       0       0       0       0       0       0       0       0
      Temps:          4       0       0       0       0       0       0       0       0
      Totals:        25       0       0       0       0       0       0       0       0
Total ram usage:       25 bytes
 Hardware stack levels used:    1
 This function calls:
		Nothing
 This function is called by:
		_main
		_efgtoa
 This function uses a non-reentrant model


 *************** function ___flge *****************
 Defined at:
		line 4 in file "/opt/microchip/xc8/v2.05/pic/sources/c99/common/flge.c"
 Parameters:    Size  Location     Type
  ff1             4   39[COMRAM] unsigned char 
  ff2             4   43[COMRAM] unsigned char 
 Auto vars:     Size  Location     Type
		None
 Return value:  Size  Location     Type
		None               void
 Registers used:
		wreg, status,2, status,0
 Tracked objects:
		On entry : 
		On exit  : 
		Unchanged: 
 Data sizes:     COMRAM   BANK0   BANK1   BANK2   BANK3   BANK4   BANK5   BANK6   BANK7
      Params:         8       0       0       0       0       0       0       0       0
      Locals:         0       0       0       0       0       0       0       0       0
      Temps:          4       0       0       0       0       0       0       0       0
      Totals:        12       0       0       0       0       0       0       0       0
Total ram usage:       12 bytes
 Hardware stack levels used:    1
 This function calls:
		Nothing
 This function is called by:
		_efgtoa
 This function uses a non-reentrant model


 *************** function ___fleq *****************
 Defined at:
		line 4 in file "/opt/microchip/xc8/v2.05/pic/sources/c99/common/fleq.c"
 Parameters:    Size  Location     Type
  ff1             4    0[COMRAM] unsigned char 
  ff2             4    4[COMRAM] unsigned char 
 Auto vars:     Size  Location     Type
		None
 Return value:  Size  Location     Type
		None               void
 Registers used:
		wreg, status,2, status,0
 Tracked objects:
		On entry : 
		On exit  : 
		Unchanged: 
 Data sizes:     COMRAM   BANK0   BANK1   BANK2   BANK3   BANK4   BANK5   BANK6   BANK7
      Params:         8       0       0       0       0       0       0       0       0
      Locals:         0       0       0       0       0       0       0       0       0
      Temps:          4       0       0       0       0       0       0       0       0
      Totals:        12       0       0       0       0       0       0       0       0
Total ram usage:       12 bytes
 Hardware stack levels used:    1
 This function calls:
		Nothing
 This function is called by:
		_efgtoa
 This function uses a non-reentrant model


 *************** function ___fldiv *****************
 Defined at:
		line 11 in file "/opt/microchip/xc8/v2.05/pic/sources/c99/common/sprcdiv.c"
 Parameters:    Size  Location     Type
  b               4   39[COMRAM] unsigned char 
  a               4   43[COMRAM] unsigned char 
 Auto vars:     Size  Location     Type
  grs             4   58[COMRAM] unsigned long 
  rem             4   51[COMRAM] unsigned long 
  new_exp         2   56[COMRAM] short 
  aexp            1   63[COMRAM] unsigned char 
  bexp            1   62[COMRAM] unsigned char 
  sign            1   55[COMRAM] unsigned char 
 Return value:  Size  Location     Type
                  4   39[COMRAM] unsigned char 
 Registers used:
		wreg, status,2, status,0
 Tracked objects:
		On entry : 
		On exit  : 
		Unchanged: 
 Data sizes:     COMRAM   BANK0   BANK1   BANK2   BANK3   BANK4   BANK5   BANK6   BANK7
      Params:         8       0       0       0       0       0       0       0       0
      Locals:        13       0       0       0       0       0       0       0       0
      Temps:          4       0       0       0       0       0       0       0       0
      Totals:        25       0       0       0       0       0       0       0       0
Total ram usage:       25 bytes
 Hardware stack levels used:    1
 This function calls:
		Nothing
 This function is called by:
		_main
		_efgtoa
 This function uses a non-reentrant model


 *************** function ___awmod *****************
 Defined at:
		line 7 in file "/opt/microchip/xc8/v2.05/pic/sources/c99/common/awmod.c"
 Parameters:    Size  Location     Type
  dividend        2    0[COMRAM] int 
  divisor         2    2[COMRAM] int 
 Auto vars:     Size  Location     Type
  sign            1    5[COMRAM] unsigned char 
  counter         1    4[COMRAM] unsigned char 
 Return value:  Size  Location     Type
                  2    0[COMRAM] int 
 Registers used:
		wreg, status,2, status,0
 Tracked objects:
		On entry : 
		On exit  : 
		Unchanged: 
 Data sizes:     COMRAM   BANK0   BANK1   BANK2   BANK3   BANK4   BANK5   BANK6   BANK7
      Params:         4       0       0       0       0       0       0       0       0
      Locals:         2       0       0       0       0       0       0       0       0
      Temps:          0       0       0       0       0       0       0       0       0
      Totals:         6       0       0       0       0       0       0       0       0
Total ram usage:        6 bytes
 Hardware stack levels used:    1
 This function calls:
		Nothing
 This function is called by:
		_efgtoa
 This function uses a non-reentrant model


 *************** function ___awdiv *****************
 Defined at:
		line 7 in file "/opt/microchip/xc8/v2.05/pic/sources/c99/common/awdiv.c"
 Parameters:    Size  Location     Type
  dividend        2    0[COMRAM] int 
  divisor         2    2[COMRAM] int 
 Auto vars:     Size  Location     Type
  quotient        2    6[COMRAM] int 
  sign            1    5[COMRAM] unsigned char 
  counter         1    4[COMRAM] unsigned char 
 Return value:  Size  Location     Type
                  2    0[COMRAM] int 
 Registers used:
		wreg, status,2, status,0
 Tracked objects:
		On entry : 
		On exit  : 
		Unchanged: 
 Data sizes:     COMRAM   BANK0   BANK1   BANK2   BANK3   BANK4   BANK5   BANK6   BANK7
      Params:         4       0       0       0       0       0       0       0       0
      Locals:         4       0       0       0       0       0       0       0       0
      Temps:          0       0       0       0       0       0       0       0       0
      Totals:         8       0       0       0       0       0       0       0       0
Total ram usage:        8 bytes
 Hardware stack levels used:    1
 This function calls:
		Nothing
 This function is called by:
		_efgtoa
 This function uses a non-reentrant model


 *************** function _atoi *****************
 Defined at:
		line 4 in file "/opt/microchip/xc8/v2.05/pic/sources/c99/common/atoi.c"
 Parameters:    Size  Location     Type
  s               2    7[COMRAM] PTR const unsigned char 
		 -> STR_4(5), 
 Auto vars:     Size  Location     Type
  n               2   20[COMRAM] int 
  neg             2   13[COMRAM] int 
 Return value:  Size  Location     Type
                  2    7[COMRAM] int 
 Registers used:
		wreg, status,2, status,0, tblptrl, tblptrh, tblptru, prodl, prodh, cstack
 Tracked objects:
		On entry : 
		On exit  : 
		Unchanged: 
 Data sizes:     COMRAM   BANK0   BANK1   BANK2   BANK3   BANK4   BANK5   BANK6   BANK7
      Params:         2       0       0       0       0       0       0       0       0
      Locals:         9       0       0       0       0       0       0       0       0
      Temps:          4       0       0       0       0       0       0       0       0
      Totals:        15       0       0       0       0       0       0       0       0
Total ram usage:       15 bytes
 Hardware stack levels used:    1
 Hardware stack levels required when called:    1
 This function calls:
		___wmul
		_isdigit
		_isspace
 This function is called by:
		_vfpfcnvrt
 This function uses a non-reentrant model


 *************** function _isspace *****************
 Defined at:
		line 5 in file "/opt/microchip/xc8/v2.05/pic/sources/c99/common/isspace.c"
 Parameters:    Size  Location     Type
  c               2    0[COMRAM] int 
 Auto vars:     Size  Location     Type
		None
 Return value:  Size  Location     Type
                  2    0[COMRAM] int 
 Registers used:
		wreg, status,2, status,0
 Tracked objects:
		On entry : 
		On exit  : 
		Unchanged: 
 Data sizes:     COMRAM   BANK0   BANK1   BANK2   BANK3   BANK4   BANK5   BANK6   BANK7
      Params:         2       0       0       0       0       0       0       0       0
      Locals:         1       0       0       0       0       0       0       0       0
      Temps:          4       0       0       0       0       0       0       0       0
      Totals:         7       0       0       0       0       0       0       0       0
Total ram usage:        7 bytes
 Hardware stack levels used:    1
 This function calls:
		Nothing
 This function is called by:
		_atoi
 This function uses a non-reentrant model


 *************** function _isdigit *****************
 Defined at:
		line 5 in file "/opt/microchip/xc8/v2.05/pic/sources/c99/common/isdigit.c"
 Parameters:    Size  Location     Type
  c               2    0[COMRAM] int 
 Auto vars:     Size  Location     Type
		None
 Return value:  Size  Location     Type
                  2    0[COMRAM] int 
 Registers used:
		wreg, status,2, status,0
 Tracked objects:
		On entry : 
		On exit  : 
		Unchanged: 
 Data sizes:     COMRAM   BANK0   BANK1   BANK2   BANK3   BANK4   BANK5   BANK6   BANK7
      Params:         2       0       0       0       0       0       0       0       0
      Locals:         0       0       0       0       0       0       0       0       0
      Temps:          4       0       0       0       0       0       0       0       0
      Totals:         6       0       0       0       0       0       0       0       0
Total ram usage:        6 bytes
 Hardware stack levels used:    1
 This function calls:
		Nothing
 This function is called by:
		_vfpfcnvrt
		_atoi
 This function uses a non-reentrant model


 *************** function ___wmul *****************
 Defined at:
		line 15 in file "/opt/microchip/xc8/v2.05/pic/sources/c99/common/Umul16.c"
 Parameters:    Size  Location     Type
  multiplier      2    0[COMRAM] unsigned int 
  multiplicand    2    2[COMRAM] unsigned int 
 Auto vars:     Size  Location     Type
  product         2    4[COMRAM] unsigned int 
 Return value:  Size  Location     Type
                  2    0[COMRAM] unsigned int 
 Registers used:
		wreg, status,2, status,0, prodl, prodh
 Tracked objects:
		On entry : 
		On exit  : 
		Unchanged: 
 Data sizes:     COMRAM   BANK0   BANK1   BANK2   BANK3   BANK4   BANK5   BANK6   BANK7
      Params:         4       0       0       0       0       0       0       0       0
      Locals:         2       0       0       0       0       0       0       0       0
      Temps:          0       0       0       0       0       0       0       0       0
      Totals:         6       0       0       0       0       0       0       0       0
Total ram usage:        6 bytes
 Hardware stack levels used:    1
 This function calls:
		Nothing
 This function is called by:
		_atoi
 This function uses a non-reentrant model


 *************** function ___xxtofl *****************
 Defined at:
		line 10 in file "/opt/microchip/xc8/v2.05/pic/sources/c99/common/xxtofl.c"
 Parameters:    Size  Location     Type
  sign            1    wreg     unsigned char 
  val             4    0[COMRAM] long 
 Auto vars:     Size  Location     Type
  sign            1    8[COMRAM] unsigned char 
  arg             4   10[COMRAM] unsigned long 
  exp             1    9[COMRAM] unsigned char 
 Return value:  Size  Location     Type
                  4    0[COMRAM] unsigned char 
 Registers used:
		wreg, status,2, status,0
 Tracked objects:
		On entry : 
		On exit  : 
		Unchanged: 
 Data sizes:     COMRAM   BANK0   BANK1   BANK2   BANK3   BANK4   BANK5   BANK6   BANK7
      Params:         4       0       0       0       0       0       0       0       0
      Locals:         6       0       0       0       0       0       0       0       0
      Temps:          4       0       0       0       0       0       0       0       0
      Totals:        14       0       0       0       0       0       0       0       0
Total ram usage:       14 bytes
 Hardware stack levels used:    1
 This function calls:
		Nothing
 This function is called by:
		_main
 This function uses a non-reentrant model


 *************** function _Lcd_Write_String *****************
 Defined at:
		line 98 in file "./lcd.h"
 Parameters:    Size  Location     Type
  a               2    4[COMRAM] PTR unsigned char 
		 -> datos(20), STR_3(12), STR_2(13), STR_1(20), 
 Auto vars:     Size  Location     Type
  i               2    8[COMRAM] int 
 Return value:  Size  Location     Type
                  1    wreg      void 
 Registers used:
		wreg, fsr1l, fsr1h, status,2, status,0, tblptrl, tblptrh, tblptru, cstack
 Tracked objects:
		On entry : 
		On exit  : 
		Unchanged: 
 Data sizes:     COMRAM   BANK0   BANK1   BANK2   BANK3   BANK4   BANK5   BANK6   BANK7
      Params:         2       0       0       0       0       0       0       0       0
      Locals:         2       0       0       0       0       0       0       0       0
      Temps:          2       0       0       0       0       0       0       0       0
      Totals:         6       0       0       0       0       0       0       0       0
Total ram usage:        6 bytes
 Hardware stack levels used:    1
 Hardware stack levels required when called:    2
 This function calls:
		_Lcd_Write_Char
 This function is called by:
		_main
 This function uses a non-reentrant model


 *************** function _Lcd_Write_Char *****************
 Defined at:
		line 82 in file "./lcd.h"
 Parameters:    Size  Location     Type
  a               1    wreg     unsigned char 
 Auto vars:     Size  Location     Type
  a               1    3[COMRAM] unsigned char 
  y               1    2[COMRAM] unsigned char 
  temp            1    1[COMRAM] unsigned char 
 Return value:  Size  Location     Type
                  1    wreg      void 
 Registers used:
		wreg, status,2, status,0, cstack
 Tracked objects:
		On entry : 
		On exit  : 
		Unchanged: 
 Data sizes:     COMRAM   BANK0   BANK1   BANK2   BANK3   BANK4   BANK5   BANK6   BANK7
      Params:         0       0       0       0       0       0       0       0       0
      Locals:         3       0       0       0       0       0       0       0       0
      Temps:          0       0       0       0       0       0       0       0       0
      Totals:         3       0       0       0       0       0       0       0       0
Total ram usage:        3 bytes
 Hardware stack levels used:    1
 Hardware stack levels required when called:    1
 This function calls:
		_Lcd_Port
 This function is called by:
		_Lcd_Write_String
 This function uses a non-reentrant model


 *************** function _Lcd_Set_Cursor *****************
 Defined at:
		line 42 in file "./lcd.h"
 Parameters:    Size  Location     Type
  a               1    wreg     unsigned char 
  b               1    3[COMRAM] unsigned char 
 Auto vars:     Size  Location     Type
  a               1    4[COMRAM] unsigned char 
  temp            1    7[COMRAM] unsigned char 
  y               1    6[COMRAM] unsigned char 
  z               1    5[COMRAM] unsigned char 
 Return value:  Size  Location     Type
                  1    wreg      void 
 Registers used:
		wreg, status,2, status,0, cstack
 Tracked objects:
		On entry : 
		On exit  : 
		Unchanged: 
 Data sizes:     COMRAM   BANK0   BANK1   BANK2   BANK3   BANK4   BANK5   BANK6   BANK7
      Params:         1       0       0       0       0       0       0       0       0
      Locals:         4       0       0       0       0       0       0       0       0
      Temps:          0       0       0       0       0       0       0       0       0
      Totals:         5       0       0       0       0       0       0       0       0
Total ram usage:        5 bytes
 Hardware stack levels used:    1
 Hardware stack levels required when called:    2
 This function calls:
		_Lcd_Cmd
 This function is called by:
		_main
 This function uses a non-reentrant model


 *************** function _Lcd_Init *****************
 Defined at:
		line 63 in file "./lcd.h"
 Parameters:    Size  Location     Type
		None
 Auto vars:     Size  Location     Type
		None
 Return value:  Size  Location     Type
                  1    wreg      void 
 Registers used:
		wreg, status,2, cstack
 Tracked objects:
		On entry : 
		On exit  : 
		Unchanged: 
 Data sizes:     COMRAM   BANK0   BANK1   BANK2   BANK3   BANK4   BANK5   BANK6   BANK7
      Params:         0       0       0       0       0       0       0       0       0
      Locals:         0       0       0       0       0       0       0       0       0
      Temps:          1       0       0       0       0       0       0       0       0
      Totals:         1       0       0       0       0       0       0       0       0
Total ram usage:        1 bytes
 Hardware stack levels used:    1
 Hardware stack levels required when called:    2
 This function calls:
		_Lcd_Cmd
		_Lcd_Port
 This function is called by:
		_main
 This function uses a non-reentrant model


 *************** function _Lcd_Clear *****************
 Defined at:
		line 36 in file "./lcd.h"
 Parameters:    Size  Location     Type
		None
 Auto vars:     Size  Location     Type
		None
 Return value:  Size  Location     Type
                  1    wreg      void 
 Registers used:
		wreg, status,2, cstack
 Tracked objects:
		On entry : 
		On exit  : 
		Unchanged: 
 Data sizes:     COMRAM   BANK0   BANK1   BANK2   BANK3   BANK4   BANK5   BANK6   BANK7
      Params:         0       0       0       0       0       0       0       0       0
      Locals:         0       0       0       0       0       0       0       0       0
      Temps:          0       0       0       0       0       0       0       0       0
      Totals:         0       0       0       0       0       0       0       0       0
Total ram usage:        0 bytes
 Hardware stack levels used:    1
 Hardware stack levels required when called:    2
 This function calls:
		_Lcd_Cmd
 This function is called by:
		_main
 This function uses a non-reentrant model


 *************** function _Lcd_Cmd *****************
 Defined at:
		line 27 in file "./lcd.h"
 Parameters:    Size  Location     Type
  a               1    wreg     unsigned char 
 Auto vars:     Size  Location     Type
  a               1    2[COMRAM] unsigned char 
 Return value:  Size  Location     Type
                  1    wreg      void 
 Registers used:
		wreg, status,2, cstack
 Tracked objects:
		On entry : 
		On exit  : 
		Unchanged: 
 Data sizes:     COMRAM   BANK0   BANK1   BANK2   BANK3   BANK4   BANK5   BANK6   BANK7
      Params:         0       0       0       0       0       0       0       0       0
      Locals:         1       0       0       0       0       0       0       0       0
      Temps:          1       0       0       0       0       0       0       0       0
      Totals:         2       0       0       0       0       0       0       0       0
Total ram usage:        2 bytes
 Hardware stack levels used:    1
 Hardware stack levels required when called:    1
 This function calls:
		_Lcd_Port
 This function is called by:
		_Lcd_Clear
		_Lcd_Set_Cursor
		_Lcd_Init
		_Lcd_Shift_Right
		_Lcd_Shift_Left
 This function uses a non-reentrant model


 *************** function _Lcd_Port *****************
 Defined at:
		line 5 in file "./lcd.h"
 Parameters:    Size  Location     Type
  a               1    wreg     unsigned char 
 Auto vars:     Size  Location     Type
  a               1    0[COMRAM] unsigned char 
 Return value:  Size  Location     Type
                  1    wreg      void 
 Registers used:
		wreg
 Tracked objects:
		On entry : 
		On exit  : 
		Unchanged: 
 Data sizes:     COMRAM   BANK0   BANK1   BANK2   BANK3   BANK4   BANK5   BANK6   BANK7
      Params:         0       0       0       0       0       0       0       0       0
      Locals:         1       0       0       0       0       0       0       0       0
      Temps:          0       0       0       0       0       0       0       0       0
      Totals:         1       0       0       0       0       0       0       0       0
Total ram usage:        1 bytes
 Hardware stack levels used:    1
 This function calls:
		Nothing
 This function is called by:
		_Lcd_Cmd
		_Lcd_Init
		_Lcd_Write_Char
 This function uses a non-reentrant model


 *************** function _ADC_Read *****************
 Defined at:
		line 35 in file "ADC.c"
 Parameters:    Size  Location     Type
  ch              1    wreg     unsigned char 
 Auto vars:     Size  Location     Type
  ch              1    2[COMRAM] unsigned char 
 Return value:  Size  Location     Type
                  2    0[COMRAM] unsigned int 
 Registers used:
		wreg, status,2, status,0
 Tracked objects:
		On entry : 
		On exit  : 
		Unchanged: 
 Data sizes:     COMRAM   BANK0   BANK1   BANK2   BANK3   BANK4   BANK5   BANK6   BANK7
      Params:         2       0       0       0       0       0       0       0       0
      Locals:         1       0       0       0       0       0       0       0       0
      Temps:          0       0       0       0       0       0       0       0       0
      Totals:         3       0       0       0       0       0       0       0       0
Total ram usage:        3 bytes
 Hardware stack levels used:    1
 This function calls:
		Nothing
 This function is called by:
		_main
 This function uses a non-reentrant model


 *************** function _ADCInit *****************
 Defined at:
		line 24 in file "ADC.c"
 Parameters:    Size  Location     Type
		None
 Auto vars:     Size  Location     Type
		None
 Return value:  Size  Location     Type
                  1    wreg      void 
 Registers used:
		wreg, status,2
 Tracked objects:
		On entry : 
		On exit  : 
		Unchanged: 
 Data sizes:     COMRAM   BANK0   BANK1   BANK2   BANK3   BANK4   BANK5   BANK6   BANK7
      Params:         0       0       0       0       0       0       0       0       0
      Locals:         0       0       0       0       0       0       0       0       0
      Temps:          0       0       0       0       0       0       0       0       0
      Totals:         0       0       0       0       0       0       0       0       0
Total ram usage:        0 bytes
 Hardware stack levels used:    1
 This function calls:
		Nothing
 This function is called by:
		_main
 This function uses a non-reentrant model



MODULE INFORMATION

Module		Function		Class		Link	Load	Size
/opt/microchip/xc8/v2.05/pic/sources/c99/common/strncmp.c
		_strncmp       		CODE           	264A	0000	163

/opt/microchip/xc8/v2.05/pic/sources/c99/common/strncmp.c estimated size: 163

/opt/microchip/xc8/v2.05/pic/sources/c99/common/tolower.c
		_tolower       		CODE           	2BD4	0000	77

/opt/microchip/xc8/v2.05/pic/sources/c99/common/tolower.c estimated size: 77

/opt/microchip/xc8/v2.05/pic/sources/c99/common/flge.c
		___flge        		CODE           	23F4	0000	209

/opt/microchip/xc8/v2.05/pic/sources/c99/common/flge.c estimated size: 209

/opt/microchip/xc8/v2.05/pic/sources/c99/common/flneg.c
		___flneg       		CODE           	2DA6	0000	47

/opt/microchip/xc8/v2.05/pic/sources/c99/common/flneg.c estimated size: 47

/opt/microchip/xc8/v2.05/pic/sources/c99/common/sprcmul.c
		___flmul       		CODE           	1576	0000	851

/opt/microchip/xc8/v2.05/pic/sources/c99/common/sprcmul.c estimated size: 851

/opt/microchip/xc8/v2.05/pic/sources/c99/common/Umul16.c
		___wmul        		CODE           	2E2A	0000	39

/opt/microchip/xc8/v2.05/pic/sources/c99/common/Umul16.c estimated size: 39

/opt/microchip/xc8/v2.05/pic/sources/c99/common/sprcdiv.c
		___fldiv       		CODE           	1BD4	0000	649

/opt/microchip/xc8/v2.05/pic/sources/c99/common/sprcdiv.c estimated size: 649

/opt/microchip/xc8/v2.05/pic/sources/c99/common/nf_fputc.c
		_fputc         		CODE           	26EC	0000	161

/opt/microchip/xc8/v2.05/pic/sources/c99/common/nf_fputc.c estimated size: 161

./lcd.h
		_Lcd_Write_String		CODE           	29A8	0000	115
		_Lcd_Init      		CODE           	2934	0000	117
		_Lcd_Write_Char		CODE           	2CDC	0000	57
		_Lcd_Cmd       		CODE           	2E98	0000	33
		_Lcd_Set_Cursor		CODE           	2B84	0000	81
		_Lcd_Clear     		CODE           	2EB8	0000	15
		_Lcd_Port      		CODE           	2DD4	0000	45

./lcd.h estimated size: 463

/opt/microchip/xc8/v2.05/pic/sources/c99/common/putch.c
		_putch         		CODE           	2EC6	0000	3

/opt/microchip/xc8/v2.05/pic/sources/c99/common/putch.c estimated size: 3

/opt/microchip/xc8/v2.05/pic/sources/c99/common/isdigit.c
		_isdigit       		CODE           	2D76	0000	49

/opt/microchip/xc8/v2.05/pic/sources/c99/common/isdigit.c estimated size: 49

/opt/microchip/xc8/v2.05/pic/sources/c99/common/sprcadd.c
		___flsub       		CODE           	2C20	0000	71
		___fladd       		CODE           	18C8	0000	781

/opt/microchip/xc8/v2.05/pic/sources/c99/common/sprcadd.c estimated size: 852

/opt/microchip/xc8/v2.05/pic/sources/c99/common/xxtofl.c
		___xxtofl      		CODE           	22B4	0000	321

/opt/microchip/xc8/v2.05/pic/sources/c99/common/xxtofl.c estimated size: 321

/opt/microchip/xc8/v2.05/pic/sources/c99/common/atoi.c
		_atoi          		CODE           	2174	0000	321

/opt/microchip/xc8/v2.05/pic/sources/c99/common/atoi.c estimated size: 321

/opt/microchip/xc8/v2.05/pic/sources/c99/common/strlen.c
		_strlen        		CODE           	2E00	0000	43

/opt/microchip/xc8/v2.05/pic/sources/c99/common/strlen.c estimated size: 43

/opt/microchip/xc8/v2.05/pic/sources/c99/common/fleq.c
		___fleq        		CODE           	2826	0000	139

/opt/microchip/xc8/v2.05/pic/sources/c99/common/fleq.c estimated size: 139

/opt/microchip/xc8/v2.05/pic/sources/c99/common/nf_sprintf.c
		_sprintf       		CODE           	2AE0	0000	83

/opt/microchip/xc8/v2.05/pic/sources/c99/common/nf_sprintf.c estimated size: 83

/opt/microchip/xc8/v2.05/pic/sources/c99/common/floorf.c
		_floorf        		CODE           	1E5C	0000	439

/opt/microchip/xc8/v2.05/pic/sources/c99/common/floorf.c estimated size: 439

/opt/microchip/xc8/v2.05/pic/sources/c99/common/awmod.c
		___awmod       		CODE           	2A1A	0000	113

/opt/microchip/xc8/v2.05/pic/sources/c99/common/awmod.c estimated size: 113

/opt/microchip/xc8/v2.05/pic/sources/c99/common/strcpy.c
		_strcpy        		CODE           	2B32	0000	83

/opt/microchip/xc8/v2.05/pic/sources/c99/common/strcpy.c estimated size: 83

/opt/microchip/xc8/v2.05/pic/sources/c99/common/isupper.c
		_isupper       		CODE           	2D46	0000	49

/opt/microchip/xc8/v2.05/pic/sources/c99/common/isupper.c estimated size: 49

shared
		__initialization		CODE           	2E76	0000	25

shared estimated size: 25

/opt/microchip/xc8/v2.05/pic/sources/c99/common/nf_fputs.c
		_fputs         		CODE           	2CA4	0000	57

/opt/microchip/xc8/v2.05/pic/sources/c99/common/nf_fputs.c estimated size: 57

/opt/microchip/xc8/v2.05/pic/sources/c99/common/__fpclassifyf.c
		___fpclassifyf 		CODE           	24C4	0000	205

/opt/microchip/xc8/v2.05/pic/sources/c99/common/__fpclassifyf.c estimated size: 205

/opt/microchip/xc8/v2.05/pic/sources/c99/common/fltol.c
		___fltol       		CODE           	2590	0000	187

/opt/microchip/xc8/v2.05/pic/sources/c99/common/fltol.c estimated size: 187

ADC.c
		_ADCInit       		CODE           	2E50	0000	39
		_ADC_Read      		CODE           	2D14	0000	51

ADC.c estimated size: 90

/opt/microchip/xc8/v2.05/pic/sources/c99/common/awdiv.c
		___awdiv       		CODE           	28B0	0000	133

/opt/microchip/xc8/v2.05/pic/sources/c99/common/awdiv.c estimated size: 133

main.c
		_main          		CODE           	2012	0000	355

main.c estimated size: 355

/opt/microchip/xc8/v2.05/pic/sources/c99/common/isspace.c
		_isspace       		CODE           	2C66	0000	63

/opt/microchip/xc8/v2.05/pic/sources/c99/common/isspace.c estimated size: 63

/opt/microchip/xc8/v2.05/pic/sources/c99/common/doprnt.c
		_vfpfcnvrt     		CODE           	11C4	0000	947
		_efgtoa        		CODE           	0848	0000	2429
		_pad           		CODE           	278C	0000	155
		_vfprintf      		CODE           	2A8A	0000	87

/opt/microchip/xc8/v2.05/pic/sources/c99/common/doprnt.c estimated size: 3618

